10024 43818760 91552098
49280 62294006 73037596
88608 56235924 79056350
120480 58284070 76976332
128826 53086520 82165536
159862 61308880 73912140
161980 45950052 89268850
186901 35252231 99941750
234501 66917854 68228527
246425 62563147 72571310
264410 41497408 93619064
329264 62052416 72999202
338990 38182608 96859284
344080 56130126 78906676
391965 58954766 76034151
392126 48140425 86848331
448195 38594087 96338600
497886 38561332 96321664
543247 58446755 76390880
620738 38591632 96168512
652884 61472725 73255273
655596 62889545 71835741
684584 48288784 86407514
731417 39638840 95010625
736670 65247825 69396387
748544 54080050 80552288
766052 47156746 87458084
950200 39677612 94753070
974846 41990211 92415825
974846 60900489 73505547
1021174 37772325 96587383
1075020 62650000 71655862
1209040 57798970 76372872
1222080 55179962 78978840
1253576 38585793 95541513
1347584 64257398 69775900
1364600 64805800 69210482
1476582 56588300 77316000
1547907 38822350 95010625
1578542 49630290 84172050
1592192 55508850 78279840
1601024 45949132 87830726
1601444 60577000 73202438
1640656 58630590 75109636
1656241 66785376 66939265
1657980 53673366 80049536
1664600 47500362 86215920
1664910 49648212 84067760
1710258 53187678 80482946
1748568 60551225 73081089
1768217 49979200 83633465
1789920 44901520 88689442
1881216 55246962 78252704
1938306 47001000 86441576
1939164 58948676 74493042
2023956 43367220 89989706
2028926 38730600 94621356
2085520 56587178 76708184
2126304 48371409 84883169
2140618 59794408 73445856
2152352 57690624 75537906
2163456 54646150 78571276
2163456 58760946 74456480
2164820 65971772 67244290
2204446 36326645 96849791
2220444 50225866 82934572
2241949 65599594 67539339
2288890 45730952 87361040
2293460 50733614 82353808
2311620 35082896 97986366
2545224 60361581 72474077
2578298 43656280 89146304
2578298 55748375 77054209
2658777 33878393 98843712
2678156 43418676 89284050
2786538 37065716 95528628
2829735 33112156 99438991
2833278 45964692 86582912
2861177 58122692 74397013
2895600 47833442 84651840
2895600 56731960 75753322
2978063 52316463 80086356
3058254 55346296 76976332
3068400 65490666 66821816
3096444 46835504 85448934
3123405 38638413 93619064
3210112 57751470 74419300
3229664 45257370 86893848
3323283 49301035 82756564
3324660 43476132 88580090
3396850 39095680 92888352
3427730 53029200 78923952
3431802 39482640 92466440
3470322 46336016 85574544
3488009 34739750 97153123
3488009 64366986 67525887
3504030 38993880 92882972
3504030 57399680 74477172
3633202 37414760 94332920
3633202 64317450 67430230
3642730 59167176 72570976
3689315 51700275 79991292
3700390 52756540 78923952
3700390 64399576 67280916
3736400 38732048 92912434
3762120 52562412 79056350
3776780 49354775 82249327
3808066 49112941 82459875
3868224 36559882 94952776
3868224 51562320 79950338
3868224 64108386 67404272
3908420 50488131 80984331
3973404 57109878 74297600
3976635 58503744 72900503
4049793 54298189 77032900
4087000 64677786 66616096
4122272 34399326 96859284
4228224 44796174 86356484
4292406 42857948 88230528
4292406 55847516 75240960
4353332 57123990 73903560
4353352 50182960 80844570
4492935 49540191 81347756
4554309 44889810 85936763
4594728 64342160 66443994
4650299 61463253 69267330
4661280 57798970 72920632
4661280 61509120 69210482
4725420 42888406 87767056
4852674 43165894 87362314
4864712 40500235 90015935
4904030 60038949 70437903
4983822 31514818 98882242
5024692 58417420 71938770
5061976 48632624 81686282
5122440 33100686 97157756
5145246 51179286 79056350
5147805 35221875 95011202
5154300 59224614 71001968
5172852 56682325 73525705
5280736 41520056 88580090
5321970 37175940 92882972
5323365 31562109 98495408
5330049 37635008 92415825
5330049 64136905 65913928
5380537 34541420 95458925
5455742 45835790 84089350
5646542 39951620 89782720
5646542 50955780 78778560
5649008 64333670 65398204
5705150 52978212 76697520
5719263 45360845 84300774
5726568 42231068 87423246
5744440 55179962 74456480
5750730 57647608 71982544
5760170 34424160 95196552
5788416 45608216 83984250
5853882 42107096 87419904
5871618 56473196 73036068
5978810 53029200 76372872
6024500 31620592 97735790
6027294 29548576 99805012
6057236 44899280 84424366
6200218 48748200 80432464
6205300 39198388 89977194
6235974 57839390 71305518
6264830 46336016 82780036
6303370 44901520 84175992
6360350 51538576 77481956
6447170 55601840 73331872
6459739 38911784 90009359
6516252 34706948 94157682
6541197 44163735 84675950
6565832 32147154 96667896
6565902 39925376 88889604
6586042 45612256 83182584
6586042 59322486 69472354
6614726 51643643 77122513
6624464 59831168 68925250
6657022 38945124 89778736
6657022 51302935 77420925
6661010 62076860 66643012
6674056 48620470 80086356
6688443 64008249 64684190
6695046 34642296 94043540
6745200 59843200 68792482
6754928 39711980 88913974
6754928 55965554 72660400
6791440 31769352 96820090
6979552 30033330 98368000
7031745 46924806 81424331
7033136 63948216 64399530
7123250 37670348 90587284
7123250 60125946 68131686
7142700 48424830 79813352
7185800 46271205 81923877
7305354 43289048 84786480
7358680 35296823 92725379
7372559 43237890 84770433
7401320 36366800 91612762
7511241 32314896 95554745
7511241 60452604 67417037
7732641 48023496 79624745
7748997 62027313 65604572
7760480 53916760 73703642
7767708 34354834 93258340
7799027 62658492 64923363
7830260 49527688 78022934
7839714 30099740 97441428
7859438 47021304 80500140
7880637 51419605 76080640
7884510 62600732 64895640
7921537 46310225 81149120
7954992 53481770 73944120
8020680 27500360 99859842
8036020 34525512 92819350
8114615 29379707 97886560
8119872 32028314 95232696
8147110 53048400 74185372
8147110 59198202 68035570
8203138 44804032 82373712
8230266 41564420 85586196
8242129 51256235 75882518
8249974 52783585 74347323
8289116 62061184 65030582
8334948 33250832 93795102
8334948 60668960 66376974
8381657 31444480 95554745
8575764 42960834 83844284
8669216 28238374 98473292
8688783 27017154 99674945
8780380 59658240 66942262
8815820 39202748 87362314
8845832 41973098 84561952
8853898 28567152 97959832
8853898 29753750 96773234
8855842 60130172 66394868
8896851 62755743 63728288
8952132 50480082 75948668
9019752 32613798 93747332
9019752 43258372 83102758
9019976 40625880 85735026
9043253 45654168 80683461
9207620 26538162 99635100
9215394 63036144 63129344
9264726 38732048 87384108
9386160 27201977 98792745
9508448 33878393 91994041
9508448 51846762 74025672
9613052 28661410 97106420
9628500 58335345 67417037
9748613 34228050 91404219
9796840 30299790 95284252
9796840 37873322 87710720
9867585 30760227 94753070
9873850 39956212 85550820
9873850 51603472 73903560
9873850 59078125 66428907
9880338 53518000 71982544
9904816 59102840 66373226
9935088 35371544 90074250
9970820 34518912 90891150
10011732 41727192 83641958
10011732 55585310 69783840
10077422 32271011 93032449
10077422 37158396 88145064
10107116 33183696 92090070
10136626 62504910 62739346
10374080 28320208 96686594
10442520 40591375 84346987
10467207 34689698 90223977
10813904 61811235 62755743
10852768 26558432 97969682
10852768 40867864 83660250
10861324 31446984 93072574
10896980 41778658 82705244
10931636 24692000 99757246
11004108 27001061 97375713
11031660 57742220 66607002
11031840 36157646 88191396
11200448 35600344 88580090
11200448 50650004 73530430
11228228 30021760 94130894
11246798 26358950 97775134
11254824 54143818 69982240
11352430 39237020 84791432
11352430 47897698 76130754
11403480 61430492 62546910
11506976 28681516 95192390
11555340 43215196 80610346
11555905 53284775 70540202
11602292 61437620 62340970
11612626 54677400 69090856
11616861 48460595 75303426
11664618 38568291 85147973
11678043 49540191 74162648
11723150 55340784 68316948
11747358 58553140 65080384
11763670 25187940 98429272
11789508 54161424 69429950
11791750 29450632 94138500
11989488 35781840 87609554
11996816 35029433 88354633
12003074 57741558 65636250
12041144 59742680 63597058
12115860 30741380 92523642
12156331 32271011 90953540
12160205 26481897 96738780
12161129 38907429 84312324
12192920 25218280 97969682
12239232 31683374 91458276
12296007 60342855 62742020
12327730 24840944 98212208
12327730 31594876 91458276
12327730 56446028 66607124
12355072 55246962 67778848
12376250 28814680 94189952
12394240 45335304 77651338
12431406 39176068 83773408
12432728 28292598 94655556
12470541 45667906 77242435
12573220 32539342 90268320
12573220 34549511 88258151
12612834 39677612 83090436
12635891 56235924 66509067
12672215 26385497 96323170
12672215 41831685 80876982
12693214 35350332 87337336
12712750 35621662 87046470
12730834 53179108 69470940
12842594 32577420 89960868
12842594 56143420 66394868
12850809 56854045 65676028
12868480 58278800 64233602
12911144 32167616 90302122
12919732 27866160 94594990
12937090 23536240 98907552
12937624 23011040 99432218
12954677 48900500 73525705
12970302 54069454 68341126
12996648 39517210 82867024
13076608 39121690 83182584
13076608 44281340 78022934
13080188 29310690 92990004
13080188 57563844 64736850
13188966 50109502 72082414
13189666 28976312 93214904
13189666 34424160 87767056
13189666 54861680 67329536
13264950 37324500 84791432
13264950 59658240 62457692
13271780 38910420 83198682
13383768 24940478 97056636
13401374 52026810 69952698
13417040 32979520 88984322
13433712 48501314 73445856
13446832 25354140 96579910
13505998 57503469 64371415
13530992 42871420 78978470
13575965 31446984 90357933
13648352 28025610 93706920
13697854 32232420 89450608
13745710 43498096 78137076
13754850 38312032 83314000
13767584 28723848 92889450
13830900 27410440 94139542
13839258 56143420 65398204
13905360 30417642 91057880
13973175 45433979 75973728
13973960 28995760 92411162
13973960 53666666 67740256
13987975 33987623 87405284
14008326 42277148 79095408
14073880 24218942 97088060
14073880 27650545 93656457
14073880 48460595 72846407
14074800 49496320 71809762
14106786 40401900 80872196
14143016 41613121 79624745
14189455 46846254 74345173
14200452 36315950 84864480
14256333 42857948 78266601
14308452 28025610 93046820
14311035 51621615 69448232
14358676 35604400 85417806
14358676 58954766 62067440
14415740 30894272 90070870
14492678 21407360 99480844
14496003 52865067 68019812
14579448 59380894 61420540
14593876 48998221 71788785
14602272 28822694 91955916
14602370 27587772 93190740
14637272 39945802 80797808
14677743 52302991 68400148
14693894 49526635 71160353
14716320 49301035 71363527
14751976 50069201 70559705
14769950 50362022 70248910
14769984 37212928 83397970
14769984 57109878 63501020
14841505 40726025 79813352
14841505 49112941 71426436
14859174 25879952 94641756
14859174 38539984 81981724
14859174 43039752 77481956
14905554 49534400 70940928
15024824 46340136 74015922
15040497 30021760 90318625
15040497 32252060 88088325
15058432 25860800 94461650
15136246 41247984 78996652
15192856 23132535 97055491
15207620 34438236 85735026
15211940 59730422 60438520
15229350 42447459 77704073
15242663 52632545 67505674
15284880 31869580 88226422
15345118 32354234 87681530
15381862 58337400 61661620
15618401 40694673 79067808
15619712 52980300 66780870
15624058 30610520 89146304
15684480 30263970 89432432
15738258 36724550 82918074
15750968 31403492 88226422
15750968 49911290 69718624
15762995 35348864 84269023
15939506 19759251 99682125
15939506 44237696 75203680
15947742 32776260 86656880
16025343 37461308 81894231
16025343 54162823 65192716
16243292 36724550 82413040
16280076 33306918 85793888
16288050 51761664 67331168
16406325 48260170 70714387
16406325 56831580 62142977
16412692 35307940 83660250
16420332 21030810 97929740
16442959 19171906 99766017
16442959 44907080 74030843
16598547 54059771 64722564
16619225 25729208 93032449
16650654 53179108 65551120
16682352 47833442 70865088
16699750 34706948 83974184
16699750 45612256 73068876
16707460 40405150 78268272
16750580 28025610 90604692
16778140 56942334 61660408
16838206 42888406 75654270
16912216 25575256 92893410
16937456 26491301 91952125
16937456 43950384 74493042
17005464 19946146 98429272
17005464 50311058 68064360
17035672 38394872 79950338
17066152 56840850 61473880
17156640 20067450 98156792
17196736 40043754 78140392
17325092 21509055 96546735
17389879 37461308 80529695
17394146 49061486 68925250
17451128 57690624 60239130
17481344 20669678 97229860
17481344 20818150 97081388
17633280 58488976 59258626
17638024 40476150 77266708
17638024 44540420 73202438
17682175 53102260 64596447
17750352 21767280 95863250
17771480 26057304 91552098
17771480 40276752 77332650
17776148 49777878 67826856
17862608 32741104 84777170
17892138 20584384 96904360
17976754 57387510 60016618
18036784 28359776 88984322
18176414 50027502 67176966
18204745 41503120 75673017
18227136 30734018 86419728
18298250 24254792 92827840
18338460 22031220 95011202
18339696 46603283 70437903
18340520 44796174 72244188
18355920 55909740 61115222
18425814 26696868 90258200
18446400 35681274 81253208
18456700 36047200 80876982
18485610 23127650 93767622
18485610 28668850 88226422
18538135 50244432 66598315
18569475 46271205 70540202
18588176 56371390 60421316
18620359 38222537 78537986
18656840 20905254 95818788
18660797 52410199 64309886
18676304 27799366 88905212
18676304 46231388 70473190
18803666 31264101 85313115
18866319 39277906 77236657
18902000 38391080 78087802
19051844 34835218 81493820
19053550 39937332 76390000
19105332 43234439 73041111
19215520 38024970 78140392
19228616 48975300 67176966
19260406 19452580 96667896
19260406 26100460 90020016
19491822 44708224 71180836
19496088 29477280 86407514
19497282 21819170 94064430
19569250 49194656 66616976
19611440 55192442 60577000
19616771 33518056 82246055
19727218 41491016 74162648
19817890 51822432 63740560
19825082 35869008 79686792
19867453 51621615 63891814
19889024 26041250 89450608
19904562 45038417 70437903
19953052 51513406 63914424
19958206 49526635 65896041
19980096 43426354 71974432
19980096 45929846 69470940
19983744 32109026 83288112
20056345 45654168 69670369
20063298 34691888 80625696
20067450 54766600 60546832
20079640 37873322 77427920
20083391 31208141 84089350
20122715 54994476 60263691
20173949 24685617 90521316
20315063 21407226 93658593
20321295 21400994 93658593
20333335 24685617 90361930
20413960 50733614 64233308
20447332 45110090 69823460
20457540 40900760 74022582
20484730 39817176 75078976
20571736 55445816 59363330
20621770 21141876 93617236
20745440 24986210 89649232
20822516 26262520 88295846
20833632 28248408 86298842
20833632 54394150 60153100
20905254 37461308 77014320
20957061 37389452 77034369
21030868 35371544 78978470
21171208 41778658 72431016
21236960 46736000 67407922
21243454 30320960 83816468
21279379 29895833 84205670
21326996 39292710 74761176
21338640 26618996 87423246
21463580 35798400 78118902
21593250 37414760 76372872
21597660 47811450 65971772
21600667 46001367 67778848
21639119 45147653 68594110
21696246 29400160 84284476
21751862 25861964 87767056
21765726 24423560 89191596
21971696 40020996 73388190
22002448 29974474 83403960
22072572 29240550 84067760
22135015 36047200 77198667
22135015 37837617 75408250
22205820 52383232 60791830
22295040 29781364 83304478
22368732 33306918 79705232
22452452 49199505 63728925
22569712 34670778 78140392
22677014 32733252 79970616
22744470 48729692 63906720
22830942 44861044 67688896
22858200 51513406 61009276
22911886 53631396 58837600
23037970 50126820 62216092
23111118 26718944 85550820
23132535 34974947 77273400
23139540 25184159 87057183
23202950 37324500 74853432
23581992 52813550 58985340
23696442 28822694 82861746
24159416 35600344 75621122
24159416 40032568 71188898
24224135 47761325 63395422
24240116 32657164 78483602
24261344 43667676 67451862
24414976 53162708 57803198
24478860 36379302 74522720
24480250 36047200 74853432
24480250 50100792 60799840
24573484 33532024 77275374
24643448 43165894 67571540
24649710 34977250 75753922
24649710 42711360 68019812
24669032 26567209 84144641
24680809 44804032 65896041
24800036 45427054 65153792
24804854 42175880 68400148
24804854 54009084 56566944
24822496 26273910 84284476
24840944 30885328 79654610
24962372 34208574 76209936
24986210 43751660 66643012
25016565 49285972 61078345
25047712 48208384 62124786
25155702 36581801 73643379
25187940 31059266 79133676
25220349 49212840 60947693
25256373 52372896 57751613
25401522 32875745 77103615
25401522 41937450 68041910
25490224 27269950 82620708
25739744 38042836 71598302
25757117 33766755 75857010
25863194 30012600 79505088
25879952 38312032 71188898
25882948 45734484 63763450
25920572 38493650 70966660
25971268 51667394 57742220
25998450 34529000 74853432
26032400 41399564 67948918
26095555 41778658 67506669
26110187 44899280 64371415
26164877 36140046 73075959
26164877 50218360 58997645
26289603 51400655 57690624
26336658 30584445 78459779
26366592 43950384 65063906
26381810 34974947 74024125
26471891 40756770 68152221
26513460 34689698 74177724
26567209 35988800 72824873
26611593 31740969 77028320
26611593 49602113 59167176
26696868 33364740 75319274
26755346 46158462 62467074
26842320 43328400 65210162
26878888 41247984 67254010
26884495 30359311 78137076
27084716 40048091 68248075
27124730 42857948 65398204
27216777 29895833 78268272
27219700 43130600 65030582
27231040 37287627 70862215
27267394 39956212 68157276
27298969 30139240 77942673
27299440 29962540 78118902
27301890 36883992 71195000
27337080 30758562 77285240
27340034 27848744 80192104
27386301 40175975 67818606
27393295 39759138 68228449
27618630 46970422 60791830
27763802 35589435 72027645
27856602 50812320 56711960
27866048 32894554 74620280
27906977 27918225 79555680
27949832 36435760 70995290
27949832 39925376 67505674
28125505 36616375 70639002
28359029 50190273 56831580
28440285 32909754 74030843
28604264 35301228 71475390
28684672 44975952 61720258
28734867 34297566 72348449
28872291 42012880 64495711
29105092 46227894 60047896
29250253 43729928 62400701
29286840 47412792 58681250
29302936 52965818 53112128
29386250 36315950 69678682
29631266 41497408 64252208
29649487 46502935 59228460
29747208 45544100 60089574
29928600 32527108 72925174
30033330 45212050 60135502
30033330 48900500 56447052
30092800 44741250 60546832
30192498 39718005 65470379
30263970 33111792 72005120
30263970 35668680 69448232
30657731 48448488 56274663
30693902 32371855 72315125
30738256 34977250 69665376
30741380 34625562 70013940
30958368 45544100 58878414
30984588 46155898 58240396
31065420 36930982 67384480
31135499 44043353 60202030
31218266 51406076 52756540
31453590 49918208 54009084
31459096 50809658 53112128
31551120 44975952 58853810
31654838 41315744 62410300
31671112 51152660 52557110
31725048 50533392 53122442
32109026 41834236 61437620
32141600 47101348 56137934
32147154 47386212 55847516
32179749 36370142 66830991
32211608 45427054 57742220
32232420 36629112 66519350
32254054 38845568 64281260
32264406 47788612 55327864
32268318 41450944 61661620
32271011 44498325 58611546
32289528 32691712 70399642
32314896 46928052 56137934
32512724 34279902 68588256
32577420 45160562 57642900
32638720 35170622 67571540
32657164 37810008 64913710
32742246 47192820 55445816
32794936 33762352 68823594
33404504 49659915 52316463
33513728 42587410 59279744
33690200 41791226 59899456
33711632 36366800 65302450
33795549 37567913 64017420
33796215 34205832 67378835
34093976 45263981 56022925
34274708 40970672 60135502
34424160 37873322 63083400
34488055 44820565 56072262
34529000 35247705 65604177
34955215 49285972 51139695
35082896 37033986 63264000
35133544 37361034 62886304
35170622 40625880 59584380
35284650 44418958 55677274
35307940 42382318 57690624
35350332 45064150 54966400
35589435 48729692 51061755
35623170 36226408 63531304
35654750 39956212 59769920
35654750 44759732 54966400
35803680 48643187 50934015
35882084 47625470 51873328
35934632 39945802 59500448
35966266 38823224 60591392
35983780 37927136 61469966
36035825 47851522 51493535
36078448 38198714 61103720
36106937 38195600 61078345
36315160 43818760 55246962
36459210 37450632 61471040
36500792 47164098 51715992
36581801 39711980 59087101
36616375 49112941 49651566
36702960 39423648 59254274
37015296 43532528 54833058
37121120 38937276 59322486
37183850 46340136 51856896
37199602 38843636 59337644
37420480 39653890 58306512
37450632 38732048 59198202
37585442 40319180 57476260
37836994 40347576 57196312
37958920 41199376 56222586
38227900 40500235 56652747
38840274 40970672 55569936
38999870 47405712 48975300
39039220 40269400 56072262
39313200 40913826 55153856
39646824 42080462 53653596
39956212 44540420 50884250
39956212 46760834 48663836
39985336 40732826 54662720
40036339 40957193 54387350
40079780 46219928 49081174
40171374 45612256 49597252
40259482 42175880 52945520
40573286 42960834 51846762
41564420 44759732 49056730
41585056 43426354 50369472
41684034 42969068 50727780
41699340 43532528 50149014
42196788 43532528 49651566
43165894 46061436 46153552
43272835 44346722 47761325
43410496 44834380 47136006
43445680 44148007 47787195
44148007 45139840 46093035
