82660 65982500 74698785
111011 48500512 92152422
401082 46046403 94316460
729815 62417980 77616150
796907 63088488 76878550
896103 69790864 70076978
1102450 54023930 85637565
1200645 52815220 86748080
1441048 47547505 91775392
1610820 60076835 79076290
2065610 66719670 71978665
2089150 59561260 79113535
2288096 51112205 87363644
2840006 49325540 88598399
2921600 61897374 75944971
3119698 43026416 94617831
3680567 41676028 95407350
3779825 64390020 72594100
3804152 60106608 76853185
3905286 48551737 88306922
4109724 41099448 95554773
4231832 63400748 73131365
4442174 38622820 97698951
4473810 36636344 99653791
4633956 51053750 85076239
4664304 50537344 85562297
4898790 53083485 82781670
4926976 37505172 98331797
5301976 64659132 70802837
5507575 60914630 74341740
5544965 61313152 73905828
5575760 52432832 82755353
5599440 60625185 74539320
5720373 58651452 76392120
5920964 64786602 70056379
6091020 50593517 84079408
6471541 38075048 96217356
6777510 49479943 84506492
6788978 43812287 90162680
6979566 63683319 70101060
7067648 57825190 75871107
7134764 50497396 83131785
7281734 38454264 95027947
7392945 46625250 86745750
7655472 45231132 87877341
7728080 65663448 67372417
8246224 46955424 85562297
8246224 47441482 85076239
8318408 53300065 79145472
8326883 45065540 87371522
8469984 57699168 74594793
8508928 46550129 85704888
8717234 48298761 83747950
8754303 42638218 89371424
8947750 45987868 85828327
8999840 47283535 84480570
9019696 51908696 79835553
9041749 35623136 96099060
9053505 56240460 75469980
9306975 61579344 69877626
9513830 41303854 89946261
9790404 36737295 94236246
9815789 37140076 93808080
9845120 34331422 96587403
9856840 62671488 68235617
9937016 62380601 68446328
9973650 52833046 77957249
10308154 49726080 80729711
10326016 62080129 68357800
10354211 33459384 96950350
10613474 50055855 80094616
10640075 61132197 68991673
10696397 35969429 94098119
10752560 46111537 83899848
10808540 38561210 91394195
10812020 46425104 83526821
11164962 61641814 67957169
11239960 63806325 65717660
11560245 29530820 99672880
11588500 62793795 66381650
11653080 31651529 97459336
11684400 33533734 95545811
11764653 55763124 73236168
11790320 30201441 98772184
11936430 37738039 91089476
12002408 44147943 84613594
12011382 34550363 94202200
12054035 54624359 74085551
12078080 45358705 83327160
12117722 53536888 75109335
12138660 29997190 98628095
12392905 40358332 88012708
12419200 31626225 96718520
12557380 63291429 64915136
12570005 43850380 84343560
12848708 42762048 85153189
12895578 31157973 96710394
13511808 48808977 78443160
13639075 49537610 77587260
13760260 59235795 67767890
13815996 33298092 93649857
13866993 44643602 82253350
13882440 42759753 84121752
14001455 31206290 95556200
14181092 46163205 80419648
14247360 52769597 73746988
14429724 41796280 84537941
14699130 37757893 88306922
14821369 28215680 97726896
14834710 34999795 90929440
14904576 31699646 94159723
14906990 29081647 96775308
14912608 26170059 99681278
15027337 30459904 95276704
15225727 57057700 68480518
15245435 44945320 80573190
15475200 52017883 73270862
15748028 26487285 98528632
15795048 61162572 63806325
16166130 59741080 64856735
16191549 60976864 63595532
16244000 26487285 98032660
16315776 26519813 97928356
16344525 52665850 71753570
16765010 33766320 90232615
16801389 44862432 79100124
16801389 60218072 63744484
16978725 34728284 89056936
17377810 36758080 86628055
17511340 47119985 76132620
17607945 45378010 77777990
17622451 46701014 76440480
17674394 47547505 75542046
17695032 42647136 80421777
17722024 57897950 65143971
18046314 57188425 65529206
18068769 39779476 82915700
18166075 41303814 81294056
18808403 33889004 88066538
18828960 55738570 66196415
19513578 54746000 66504367
19522125 36010240 85231580
19771332 60367428 60625185
19947171 47400615 73416159
19994000 22151116 98618829
20076135 55296420 65391390
20122736 47259175 73382034
20350190 32642464 87771291
20483250 50966327 69314368
20490600 35959570 84313775
20585520 29010760 91167665
21318935 36533572 82911438
21328264 22848278 96587403
21518336 32284665 86960944
21588759 27482936 91692250
21629271 23857970 95276704
21803770 56202000 62758175
21989175 24267600 94507170
22073088 36495831 82195026
22151116 55838545 62774284
22369247 51942228 66452470
22438000 37170426 81155519
22466616 50632002 67665327
22556880 31345200 86861865
22697641 56398938 61667366
22772562 50076530 67914853
22902726 31981845 85879374
23067594 33796503 83899848
23234627 26543008 90986310
23252864 36217025 81294056
23320494 52487770 64955681
23320494 55574318 61869133
23327440 41478142 75958363
23412571 43520308 73831066
23438230 54034286 63291429
23523533 45666212 71574200
24354900 41530320 74878725
24480680 25865715 90417550
24971225 45000120 70792600
25011485 31805824 83946636
25919376 47730759 67113810
26186725 41419826 73157394
26309780 34913376 79540789
26515309 40692736 73555900
26931506 42048724 71783715
27295620 36589775 76878550
27382100 36787785 76594060
27439412 42557443 70767090
27524979 52010086 61228880
27663168 36589775 76511002
27710941 52617452 60435552
27740022 52524688 60499235
28192415 30546362 82025168
28811520 48049817 63902608
28854572 37329977 74579396
28854572 43952204 67957169
28959537 33162030 78642378
29130888 42250575 69382482
30220860 40746763 69796322
30225326 39555879 70982740
30570625 30664820 79528500
31167976 38075048 71520921
31347584 52288270 57128091
31440880 38976505 70346560
31651529 43472672 65639744
31805824 46100530 62857591
32631092 43520308 64612545
32794638 39528007 68441300
33270590 43787611 63705744
33327055 50305164 57131726
33357056 50159281 57247608
33380445 39426331 67957169
33997110 35635705 71131130
34399692 43570458 62793795
35018368 37450467 68295110
35209740 44577978 60976227
35318546 41346247 64099152
35782325 42522220 62459400
36709835 43004060 61050050
36758080 47254121 56751744
37283155 44664342 58816448
37585914 38646236 64531795
38003563 44862432 57897950
38177502 47520660 55065783
38248460 38528056 63987429
38442335 42215002 60106608
38483780 49196680 53083485
38947650 40128996 61687299
39864484 46078796 54820665
40127146 48685410 51951389
40513610 50055855 50194480
40695508 41346247 58722190
41829150 44577978 54356817
42271316 42833637 55658992
42287300 46856166 51620479
42795993 48065552 49902400
43337024 44763776 52663145
43354174 44643602 52766169
43688775 45537568 51537602
44491584 47720624 48551737
44708632 47547505 48507808
45484550 46046403 49232992
