106304 23397788 88714688
147528 29345007 82726245
162353 24178672 87877755
170008 36745792 75302980
173551 15127710 96917519
176484 49254656 62787640
196988 39647300 72374492
209367 13174766 98834647
224361 30217777 81776642
301100 40315094 71602586
417180 33147676 78653924
544160 25625064 86049556
573832 38563764 73081184
580486 17903686 93734608
596827 15599734 96022219
614833 37172476 74431471
690432 11832448 99695900
715566 53138310 58364904
725644 11970304 99522832
725644 36719700 74773436
846112 36126940 75245728
847587 34755439 76615754
894142 43872904 67451734
901194 11613606 99703980
978500 49254656 61985624
1070955 27589961 83557864
1073530 36781970 74363280
1109160 14773527 96336093
1122712 36718684 74377384
1172340 23162136 87884304
1253070 40079822 70885888
1276604 37852544 73089632
1279003 18013507 92926270
1282320 11524954 99411506
1357470 16956729 93904581
1357470 39677124 71184186
1416220 24758690 86043870
1462200 41732868 69023712
1488430 51465438 59264912
1531374 24311550 86375856
1545162 35911030 74762588
1672873 45833228 64712679
1685890 53705630 56827260
1712520 27905752 82600508
1787630 39981744 70449406
1806120 32795744 77616916
1819238 46539304 63860238
1927665 42227808 68063307
1935188 26662336 83621256
1991330 10793282 99434168
2050444 29720864 80447472
2132820 12674984 97410976
2132820 51083040 59002920
2138480 30251376 79828924
2178592 14377438 95662750
2303652 43321800 66593328
2318530 45791930 64108320
2346575 19421240 90450965
2366832 23222176 86629772
2416400 22312300 87490080
2563318 22688934 86966528
2672186 35167334 74379260
2675840 21352364 88190576
2717260 41079840 68421680
2784600 52404060 57030120
2858848 52533928 56826004
2916200 42821080 66481500
2965176 11760304 97493300
3132788 36229768 72856224
3162240 26867860 82188680
3162240 42852128 66204412
3172879 31694540 77351361
3189606 39662432 69366742
3227103 43687721 65303956
3261560 26990420 81966800
3378680 10076800 98763300
3378680 13299400 95540700
3412200 41721108 67085472
3568738 38242750 70407292
3670810 32408090 76139880
3676608 36952812 71589360
3711680 51213888 57293212
3755734 36564786 71898260
3825517 41911763 66481500
3827825 8930515 99460440
3946800 19340484 88931496
3983274 31619752 76615754
3990652 17360220 90867908
3990652 37252300 70975828
4020992 23397788 84800000
4031615 25863388 82323777
4262892 23518780 84437108
4343558 15189892 92685330
4396644 16496352 91325784
4455616 8473030 99290134
4502290 8710043 99006447
4591432 31503846 76123502
4596830 29317092 78304858
4596830 34765726 72856224
4789736 22476935 84952109
5006313 41140642 66071825
5032525 19498870 87687385
5175884 24178880 82864016
5185049 13299400 93734331
5188475 20374821 86655484
5279876 20008984 86929920
5306672 7907628 99004480
5306672 12975622 93936486
5314160 35054348 71850272
5318220 45861446 61039114
5379232 18794492 88045056
5379232 26084448 80755100
5379232 29711820 77127728
5388800 43693688 63136292
5389749 42726045 64102986
5444354 43559230 63215196
5468310 26076222 80674248
5515580 43042400 63660800
5515580 51986349 54716851
5544384 18222221 88452175
5672510 49226519 57319751
5690320 38185536 68342924
5712357 13599915 92906508
5720946 22380484 84117350
5818820 50676344 55723616
5823728 44412520 61982532
5937280 42519858 63761642
5966225 34310050 71942505
6030970 9988194 96199616
6039875 11661112 94517793
6125016 34147726 71946038
6127810 41909120 64181850
6145920 40119112 65953748
6151940 23162136 82904704
6159792 25807596 80251392
6237000 51593068 54388712
6280304 31970136 73968340
6280304 43559230 62379246
6280304 47447972 58490504
6353720 34343680 71521380
6353720 37174044 68691016
6643350 41226424 64349006
6657487 51287261 54274032
6731212 34220240 71267328
6751806 6989998 98476976
6805930 30159640 75253210
6878940 51648342 53691498
6883486 22854630 82480664
6899620 9824272 95494888
6899620 14190176 91128984
6962422 37548928 67707430
7099295 32885512 72233973
7114691 30726705 74377384
7179800 37213800 67825180
7201808 8470995 96545977
7308122 9327490 95583168
7346320 37930704 66941756
7389628 44720564 60108588
7491100 16777280 87950400
7571470 26687318 77959992
7735889 27000315 77482576
7745478 47585907 56887395
7759998 44192555 60266227
7777750 37481430 66959600
7959424 44007360 60251996
7959424 44444680 59814676
7959424 51078060 53181296
8058432 8662324 95498024
8104952 20063792 84050036
8104952 44258460 59855368
8217804 15075092 88925884
8217804 51186406 52814570
8345450 17039465 86833865
8504296 25305188 78409296
8662324 19743388 83813068
8733420 34180720 69304640
8780850 19595754 83842176
8951161 28911384 74356235
9015175 44213769 58989836
9021354 13570000 89627426
9107570 27858000 75253210
9136280 47314444 55768056
9327490 46198316 56692974
9383032 28763664 74072084
9511731 46888584 55818465
9622565 47576960 55019255
9716922 49254656 53247202
9780776 27969677 74468327
9780776 48721904 53716100
9795840 12011384 90411556
9795910 18260770 84162100
9822000 20527144 81869636
9822000 46322880 56073900
9843400 23397788 78977592
9849240 43485750 58883790
9919860 10178922 92119998
9976385 29872395 72370000
10024716 17245584 84948480
10076800 33720300 68421680
10186504 23654395 78377881
10325904 30986450 70906426
10325904 45160800 56732076
10339067 35807888 66071825
10351930 42196244 59670606
10358712 26277252 75582816
11114792 41967508 59136480
11216815 41870573 59131392
11407104 31882024 68929652
11426448 11966589 88825743
11426448 38518051 62274281
11461874 29412202 71344704
11462715 26992085 73763980
11539772 25388098 75290910
11591718 34773878 65853184
11602338 24344532 76271910
11641416 24522164 76055200
11647488 43485750 57085542
11647660 36436816 64134304
11684660 13977280 86556840
11684736 20282652 80251392
11735475 50190035 50293270
11836960 23192792 77189028
11836960 34822580 65559240
11848008 34206156 66164616
11908857 40212683 60097240
11929500 38956704 61332576
11947200 26540120 73731460
11972544 29661018 70585218
12075885 29342665 70800230
12079214 30814685 69324881
12177716 12393064 87648000
12228558 47343012 52647210
12315331 13069584 86833865
12329220 46812690 53076870
12330094 23192792 76695894
12424048 16174080 83620652
12737676 29684684 69796420
12737986 38146493 61334301
12760350 24110064 75348366
12772740 33250256 66195784
12790317 19678026 79750437
13020464 34596715 64601601
13168204 28438944 70611632
13220970 37327840 61669970
13236790 38180590 60801400
13255716 29728592 69234472
13255716 30008140 68954924
13281506 46359736 52577538
13299400 23181808 75737572
13466144 15658240 83094396
13557520 19499435 79161825
13574908 32881496 65762376
13593796 20175784 78449200
13804136 27329600 71085044
13817515 30973752 67427513
13833764 25364010 73021006
13880740 32479128 65858912
13887000 25276600 73055180
14141375 47314920 50762485
14205856 40497792 57515132
14301540 16076424 81840816
14319272 20718020 77181488
14339654 26794082 71085044
14404026 46221686 51593068
14478040 45210228 52530512
14520792 31216488 66481500
14614952 30464690 67139138
14628368 28566700 69023712
14740454 42553250 54925076
14771245 33313231 64134304
14936128 38215261 59067391
14948896 25574764 71695120
15039519 20915925 76263336
15129300 46627776 50461704
15141067 28964580 68113133
15237194 17564658 79416928
15240660 39632460 57345660
15372100 17414640 79432040
15372100 31368983 65477697
15728600 16137355 80352825
15757704 23364657 73096419
16097880 27954745 68166155
16169964 37496996 58551820
16410910 42560668 53247202
16444128 25537500 70237152
16501768 34467924 61249088
16527060 22121360 73570360
16567960 45584012 50066808
16662240 28295890 67260650
16662240 41846208 53710332
16757320 28454534 67006926
16757320 33101940 62359520
16878686 32140094 63200000
16965957 46026304 49226519
17057618 19180752 75980410
17104100 39632460 55482220
17179100 34240507 60799173
17226027 19595754 75396999
17276700 41690532 53251548
17331040 32587595 62300145
17360220 36781970 58076590
17364224 36719700 58134856
17414640 39230260 55573880
17551200 23534364 71133216
17637384 38168288 56413108
17917515 25193240 69108025
17940592 46957861 47320327
18252440 28590880 65375460
18252440 37252300 56714040
18427636 37123688 56667456
18441076 41987727 51789977
18483333 41450434 52285013
18624546 42994144 50600090
18735480 23192792 70290508
18735480 38185536 55297764
18735480 41657360 51825940
18794492 27065752 66358536
18842468 46680072 46696240
18913764 45290497 48014519
18924960 46013472 47280348
19065990 35451500 57701290
19123438 35281782 57813560
19125376 20146700 72946704
19216940 34925250 58076590
19344874 35445554 57428352
19421240 38585941 54211599
19432690 42539800 50246290
19499435 34448375 58270970
19531984 41739164 50947632
19633173 36436816 56148791
19672875 35256505 57289400
19678026 31046099 61494655
19743388 41360672 51114720
19777616 28911676 63529488
19780102 44889280 47549398
19792376 35842073 56584331
19831068 28204866 64182846
20008984 23518780 68691016
20008984 37066548 55143248
20354762 37501140 54362878
20772915 37252300 54193565
20857228 41360672 50000880
20899060 24360120 66959600
20912992 33924408 57381380
20982800 26304836 64931144
21115542 40849926 50253312
21426600 23743950 67048230
21592144 43219350 47407286
21904005 39624827 50689948
21931844 33250256 57036680
21951228 26955744 63311808
22067290 40849926 49301564
22134180 24322224 65762376
22229793 39777979 50211008
22296132 33888112 56034536
22328768 29579036 60310976
22328768 32660342 57229670
22364125 41820000 48034655
22458126 33589786 56170868
22476935 43908617 45833228
22597075 28019080 61602625
22678570 33513140 56027070
22717926 31505748 57995106
22717926 43872904 45627950
22718285 33988423 55512072
23025350 33513140 55680290
23070771 36419184 52728825
23114216 42474120 46630444
23127445 23952575 65138760
23397788 27115824 61705168
23796764 31741856 56680160
23982345 24563420 63673015
24009490 34582674 53626616
24010112 43321800 44886868
24178672 26418888 61621220
24202272 36719700 51296808
24262896 24977376 62978508
24332226 43900672 43985882
24492300 39039770 48686710
24643130 28566700 59008950
24758690 37213800 50246290
24803038 40144897 47270845
24824744 39973943 47420093
24829465 29388806 58000509
24918696 33971338 53328746
24921356 29220834 58076590
24927572 39274320 48016888
25420854 28784088 58013838
25420854 33250256 53547670
25601940 41828655 44788185
25721136 27836742 58660902
25792486 41452664 44973630
25910070 34852140 51456570
26183301 42830564 43204915
26360208 40315094 45543478
26662336 37180724 48375720
26705000 35390680 50123100
26734548 31759740 53724492
26803054 33589786 51825940
26979728 38610808 46628244
27001846 41270624 43946310
27180396 29442438 55595946
27939996 34666240 49612544
27949185 34297945 49971650
28008964 35523106 48686710
28016580 39429390 44772810
28438560 37302016 46478204
28478785 36812248 46927747
28540296 31694540 51983944
29084546 37001594 46132640
29393268 31882024 50943488
29579614 36576102 46063064
29587360 34764860 47866560
29670806 38601664 43946310
30254775 37221381 44742624
30300863 36243102 45674815
30349124 30947512 50922144
30374190 36876290 44968300
30397570 35744190 46077020
30410067 40668489 41140224
30598715 39230260 42389805
30777680 32488976 48952124
30904613 33291051 48023116
31094280 39058020 42066480
31123460 31694540 49400780
31340400 39425716 41452664
31831763 39777979 40609038
31877520 38982570 41358690
31884960 33019376 47314444
32133902 37462098 42622780
32187413 37037223 42994144
32640906 37001594 42576280
32781666 34891906 44545208
33019376 33147676 46051728
33271756 33978724 44968300
33402600 33933732 44882448
33562880 33595916 45059984
34297945 35501510 42419325
34503104 36328508 41387168
35368156 37893920 38956704
