3448 37666820 37684124
23088 30776200 44555104
23088 31511346 43819958
32244 10226598 65095550
37176 6904300 68412916
37176 21399681 53917535
37176 35085500 40231716
57823 11656759 63639810
78246 33457762 41818384
98628 1817416 73438348
107968 37227200 38019224
118788 12974564 62261040
140344 29635590 45578458
154000 26632012 48568380
158160 11883856 63312376
175180 33494835 41684377
190296 2301888 72862208
228460 15260400 59865532
236223 4828300 70289869
236223 20221361 54896808
239064 22652182 52463146
310118 18908310 56135964
316354 31099796 43938242
340950 11849114 63164328
340950 26228124 48785318
345712 28815280 46193400
347680 2786048 72220664
358785 11759020 63236587
406188 18763830 56184374
441296 14810904 60102192
441296 29795673 45117423
486772 7003024 67864596
486772 15521352 59346268
504036 2675022 72175334
529744 8231338 66593310
529744 22264408 52560240
563456 24569856 50221080
563456 27655945 47134991
596995 36921155 37836242
616427 20882800 53855165
628752 9151240 65574400
630262 17261080 57463050
633191 33370036 41351165
644049 13838553 60871790
645146 7270326 67438920
645146 23494156 51215090
666384 11839256 62848752
677966 29183810 45492616
693290 4252616 70408486
744640 12953200 61656552
802156 1645728 72906508
802156 16476736 58075500
802156 19585500 54966736
814650 27883782 46655960
816530 26864195 47673667
849995 16967689 57536708
933552 31630500 42790340
939072 5661432 68753888
954472 10642835 63757085
954472 26865448 47534472
990800 16031760 58331832
990800 36328200 38035392
998500 17393870 56962022
1074832 17262960 57016600
1101576 25575048 48677768
1118720 7802762 66432910
1140940 24634508 49578944
1155096 17310020 56889276
1155096 19333854 54865442
1161500 24566972 49625920
1215648 25897728 48241016
1220315 23176659 50957418
1254840 31969416 42130136
1311750 19823692 54218950
1340402 6550950 67463040
1372811 25579464 48402117
1385900 33870740 40097752
1411640 10122774 63819978
1485156 18508725 55360511
1536800 8759184 65058408
1602886 1676600 72074906
1615570 28533344 45205478
1643692 20486300 53224400
1649144 30501518 43203730
1695784 13586334 60072274
1695784 35010768 38647840
1716816 23732938 49904638
1717754 12613088 61023550
1731040 29295830 44327522
1731040 30118072 43505280
1741385 7370127 66242880
1761536 25669710 47923146
1790080 22224052 51340260
1790527 3798952 69764913
1800088 18892252 54662052
1800088 22039424 51514880
1847610 17691024 55815758
1858914 3743878 69751600
1858914 14441583 59053895
1858914 28878788 44616690
1945984 28695368 44713040
1965875 3317546 70070971
1973964 13927628 59452800
1975281 22935280 50443831
1980989 4906670 68466733
1986480 16576496 56791416
1986480 33540800 39827112
2043475 16348895 56962022
2057026 21060498 52236868
2067890 9407270 63879232
2075682 13667570 59611140
2075682 18531630 54747080
2120060 13631052 59603280
2120060 24904558 48329774
2143137 32760080 40451175
2144512 29389922 43819958
2152722 22551714 50649956
2196474 19924218 53233700
2201792 13062896 60089704
2229612 20927511 52197269
2229612 22814460 50310320
2260080 20857444 52236868
2264768 14143288 58946336
2266545 4356315 68731532
2274782 20294940 52784670
2275208 23218560 49860624
2281616 16265190 56807586
2301888 18136156 54916348
2301888 29073779 43978725
2322750 10592578 62439064
2325760 8289990 64738642
2325760 9884320 63144312
2325760 36020600 37008032
2363324 24381848 48609220
2381216 12092224 60880952
2420450 14871588 58062354
2438070 8473252 64443070
2459296 18946936 53948160
2500996 14680180 58173216
2500996 17367504 55485892
2509020 29795673 43049699
2529480 24305064 48519848
2588664 32808730 39956998
2632580 7940240 64781572
2632580 33148344 39573468
2675022 27981410 44697960
2694284 23574108 49086000
2699708 28683057 43971627
2711450 19141520 53501422
2769060 32333724 40251608
2796837 13075555 59482000
2857995 3713172 68783225
2866930 23291644 49195818
2882262 5014678 67457452
2882262 30651180 41820950
2902672 11761160 60690560
2915100 34222592 38216700
2926950 15524962 56902480
2934936 34698546 37720910
2960704 13494168 58899520
2981900 21159892 51212600
3003460 5074342 67276590
3015264 11526936 60812192
3020535 8339615 63994242
3032768 24850036 47471588
3089284 13479946 58785162
3118350 25576102 46659940
3153664 16578712 55622016
3153664 17959462 54241266
3170692 35905070 36278630
3176099 11710359 60467934
3176099 23911170 48267123
3189144 13884128 58281120
3204070 13494168 58656154
3204070 15733840 56416482
3204070 18398622 53751700
3212014 24877744 47264634
3225160 30634867 41494365
3231578 35921963 36200851
3232996 24261252 47860144
3249580 14640280 57464532
3254256 34236120 37864016
3304556 7350956 64698880
3347236 12898272 59108884
3365625 15540182 56448585
3365625 20002077 51986690
3374206 22654827 49325359
3374206 32247566 39732620
3382626 15282090 56689676
3385206 23639412 48329774
3403766 3836496 68114130
3447308 28925524 42981560
3473588 32054065 39826739
3523290 17261080 54570022
3556808 34318104 37479480
3608018 16578712 55167662
3608018 32716374 39030000
3626120 13197216 58531056
3626396 25266358 46461638
3649794 17724658 53979940
3652124 34616060 37086208
3702600 35010768 36641024
3736337 7679830 63938225
3743878 26552754 45057760
3745062 20583012 51026318
3745062 26648072 44961258
3748256 21226898 50379238
3748256 31107888 40498248
3751773 7137700 64464919
3783680 18236615 53334097
3783680 19288925 52281787
3783680 28612364 42958348
3815204 24895958 46643230
3817648 32423888 39112856
3836496 8437440 63080456
3836496 22044968 49472928
3843964 11213084 60297344
3861809 14815505 56677078
3868656 5490600 65995136
3879512 12886528 58588352
3897390 8978768 62478234
3923208 35385664 36045520
3925010 24967744 46461638
3954162 7406732 63993498
3954162 8724880 62675350
3954400 32314896 39085096
3954400 34511382 36888610
4026622 26876770 44451000
4041899 21476273 49836220
4089720 4344968 66919704
4111180 20149056 51094156
4117600 23347296 47889496
4152960 18113880 53087552
4153040 33981512 37219840
4184207 15313004 55857181
4192874 4395528 66765990
4192874 12630462 58531056
4203216 31955864 39195312
4250040 32141438 38962914
4271440 24014336 47068616
4281480 6232000 64840912
4281480 10942400 60130512
4298121 29382587 41673684
4398780 4795200 66160412
4415226 16644650 54294516
4467460 15684648 55202284
4486076 20058116 50810200
4490226 10520346 60343820
4490850 25977428 44886114
4513872 15315620 55524900
4519328 12079272 58755792
4540734 34503678 36309980
4562229 34229900 36562263
4598880 21549900 49205612
4598880 25980846 44774666
4658615 7550994 63144783
4659900 16504280 54190212
4669775 21359258 49325359
4704122 29795090 40855180
4729903 27419418 43205071
4740360 7692816 62921216
4747386 6238876 64368130
4754056 17133216 53467120
4760423 25793163 44800806
4791932 23185824 47376636
4794872 23245400 47314120
4838000 5457984 65058408
4873450 22135138 48345804
4873450 26166862 44314080
4873450 34535140 35945802
4880744 19823692 50649956
4917930 7199875 63236587
4938480 23347296 47068616
4938480 34329840 36086072
4951511 16496757 53906124
4988209 21683375 48682808
5014160 30024635 40315597
5034380 24692352 45627660
5079950 22454373 47820069
5098379 5793613 64462400
5103164 13551198 56700030
5128980 14282685 55942727
5255912 17442332 52656148
5286253 18826025 51242114
5328264 9612864 60413264
5362664 32657506 37334222
5362722 18705236 51286434
5376984 25808576 44168832
5421576 10555376 59377440
5457984 15540182 54356226
5478058 31438194 38438140
5533416 17367504 52453472
5562252 20306156 49485984
5573567 12934440 56846385
5613108 13612108 56129176
5613108 30146880 39594404
5638068 11516556 58199768
5638068 20807172 48909152
5638500 28114936 41600956
5638500 31135326 38580566
5642825 28027190 41684377
5668286 19496922 50189184
5680862 7643450 62030080
5680862 16838800 52834730
5741874 27794134 41818384
5801900 9914013 59638479
5823300 6238876 63292216
5855374 16031898 53467120
5883955 19303333 50167104
5947508 12881920 56524964
5953798 27794134 41606460
6004780 22420140 46929472
6111000 32225990 37017402
6187940 7578684 61587768
6187940 33205830 35960622
6189814 20026178 49138400
6201920 31316230 37836242
6201920 33894099 35258373
6206272 17959462 51188658
6290508 10349130 58714754
6321024 11378804 57654564
6348448 8563480 60442464
6525916 23497542 45330934
6526044 12630462 56197886
6559488 30330944 38463960
6560650 21679622 47114120
6594320 21214456 47545616
6594320 22104472 46655600
6648752 34329840 34375800
6764730 10261638 58328024
6766358 11888004 56700030
6766358 33205830 35382204
6824050 22219014 46311328
6940570 31528330 36885492
7020250 12597512 55736630
7020250 16395577 51938565
7020250 18473518 49860624
7052940 28474340 39827112
7114195 18282720 49957477
7184816 32783200 35386376
7187624 27419418 40747350
7418526 23161200 44774666
7419900 10641393 57293099
7420086 25808576 42125730
7430318 13922790 54001284
7474144 8978768 58901480
7524160 17433528 50396704
7578684 32192918 35582790
7635320 27871620 39847452
7642864 9636028 58075500
7679830 12676804 54997758
7726762 23595502 44032128
7755042 15764750 51834600
7793772 16215416 51345204
7802762 14498830 53052800
7802762 17070208 50481422
7839688 22959600 44555104
7839984 29454744 38059664
7885284 32689048 34780060
7888962 24215930 43249500
7888962 26878650 40586780
7902800 12030210 55421382
7926666 33346379 34081347
7927387 24850036 42576969
7930101 28988995 38435296
7939488 18346160 49068744
7940240 16265408 51148744
7944345 13219835 54190212
7946771 29313397 38094224
7968741 11763635 55622016
7970935 13385400 53998057
7994756 30632064 36727572
8120525 28904827 38329040
8133872 27053258 40167262
8231338 25576102 41546952
8231338 28164638 38958416
8238680 24289524 42826188
8264044 12494674 54595674
8275442 28175536 38903414
8275442 31496160 35582790
8277855 22468946 44607591
8277855 28946792 38129745
8289990 22551714 44512688
8323010 13419340 53612042
8370687 14183832 52799873
8437440 15175368 51741584
8437440 20944945 45972007
8472044 20511552 46370796
8473252 27133645 39747495
8521812 13815249 53017331
8538660 10928664 55887068
8563480 12635200 54155712
8581785 19948868 46823739
8637512 18687768 48029112
8680832 24490011 42183549
8705648 29454744 37194000
8712144 11761160 54881088
8712144 28879518 37762730
8712144 28956488 37685760
8712144 29148656 37493592
8724880 27799592 38829920
8742190 23240824 43371378
8760008 13466431 53127953
8781440 25026000 41546952
8791380 23033235 43529777
8791380 24822980 41740032
8793220 15372514 51188658
8793220 31409652 35151520
8822150 28815280 37716962
8885642 28080960 38387790
8952944 27353400 39048048
8986031 15901656 50466705
8986031 16967689 49400672
9002272 15246767 51105353
9016431 30274536 36063425
9045008 10928664 55380720
9063867 25435345 40855180
9063980 26859392 39431020
9073240 24596775 41684377
9077349 21140952 45136091
9077349 33079876 33197167
9144267 16913220 49296905
9144267 26039245 40170880
9151240 28080960 38122192
9289182 14850120 51215090
9305632 9360260 56688500
9305632 28956488 37092272
9337840 10641393 55375159
9337840 27710392 38306160
9510094 28189253 37655045
9517750 23031386 42805256
9548788 11432364 54373240
9551234 26063263 39739895
9568502 20028691 45757199
9587660 21585318 44181414
9615352 20018400 45720640
9713310 10802176 54838906
9737234 15982215 49634943
9789863 20223065 45341464
9939136 20661264 44753992
10018198 16376480 48959714
10035668 29800980 35517744
10057595 30501518 34795279
10103776 31239626 34010990
10224454 26086112 39043826
10226598 25345714 39782080
10261638 14480654 50612100
10261638 14814642 50278112
10341824 19921008 45091560
10423230 18541726 46389436
10423230 27883782 37047380
10468738 16100336 48785318
10511324 11851440 52991628
10546585 20214044 44593763
10551608 17261080 47541704
10641393 23031386 41681613
10641393 30976400 33736599
10659336 22620990 42074066
10659336 23293256 41401800
10669280 19812316 44872796
10759544 10802176 53792672
10781548 13423497 51149347
10807744 11644998 52901650
10807744 25808576 38738072
10843580 17812080 46698732
10951324 12849020 51554048
10953640 14965498 49435254
10953640 16070978 48329774
11107884 22637952 41608556
11118276 28850452 35385664
11213084 20415068 43726240
11235840 15681749 48436803
11253768 26562678 37537946
11296512 12250392 51807488
11353697 31693260 32307435
11361384 26086112 37906896
11393476 24133804 39827112
11419968 24063168 39871256
11452018 27572500 36329874
11453750 14814642 49086000
11453750 30694812 33205830
11549524 16580890 47223978
11564560 29644940 34144892
11585972 22205120 41563300
11604900 22298710 41450782
11633990 21268536 42451866
11701152 18925820 44727420
11701152 25967480 37685760
11759020 26166862 37428510
11769120 20354948 43230324
11769120 24850036 38735236
11800704 25518296 38035392
11832612 27871620 35650160
11883856 16686980 46783556
11960397 16496757 46897238
12034312 16348228 46971852
12100804 16597628 46655960
12103688 24292120 38958584
12103688 28276560 34974144
12325772 28998244 34030376
12349685 19380273 43624434
12450519 17205963 45697910
12514560 30632064 32207768
12528480 13957830 48868082
12554692 29560739 33238961
12577162 29635590 33141640
12667990 26648072 36038330
12674858 19158512 43521022
12674858 30863490 31816044
12676804 24381848 38295740
12676804 28535900 34141688
12676804 28804424 33873164
12769600 19628296 42956496
12769600 30184832 32399960
12779040 15778560 46796792
12813245 22772161 39768986
12826936 23494156 39033300
12974564 30817315 31562513
13010751 15758775 46584866
13013900 22909472 39431020
13066342 22117536 40170514
13100848 13184800 49068744
13267348 19400350 42686694
13305474 14491300 47557618
13545288 13621504 48187600
13612108 21895116 39847168
13621504 15343452 46389436
13626832 17262960 44464600
13667570 14529368 47157454
13764575 16725742 44864075
13862716 17403716 44087960
13898902 16838800 44616690
13927628 19715822 41710942
13936752 30100352 31317288
14063580 25920332 35370480
14063580 29471208 31819604
14136809 24490011 36727572
14147396 25556836 35650160
14223756 22606172 38524464
14508667 26333085 34512640
14529368 20149056 40675968
14554406 17473666 43326320
14610072 19460416 41283904
14681760 20651208 40021424
14697663 15419705 45237024
14710905 19399041 41244446
14798028 20058116 40498248
14810904 19133154 41410334
14814642 26408330 34131420
14915790 20923522 39515080
14952447 27771700 32630245
14957864 17070208 43326320
15154616 30094672 30105104
15246767 23571687 36535938
15282090 25494840 34577462
15310002 26586628 33457762
15324321 25033986 34996085
15395970 24806902 35151520
15419705 15765025 44169662
15521352 17708280 42124760
15557985 21058335 38738072
15591680 22328800 37433912
15750674 28990918 30612800
15828061 17326286 42200045
16033296 28807960 30513136
16081028 21618319 37655045
16119036 23352736 35882620
16215416 18196224 40942752
16264680 24944820 34144892
16337448 24967744 34049200
16348228 29428342 29577822
16376480 26377780 32600132
16415426 16755417 42183549
16463268 22562875 36328249
16497152 23475036 35382204
16522520 18894344 39937528
16578712 19667548 39108132
16599750 27978442 30776200
16624968 26395700 32333724
16704376 20214720 38435296
16814472 22039424 36500496
16814472 29129136 29410784
16829122 25977428 32547842
16967689 28878788 29507915
17013680 18093612 40247100
17016200 17505232 40832960
17016200 22229688 36108504
17070208 19323368 38960816
17092818 17575744 40685830
17261080 24133804 33959508
17620932 22143880 35589580
17656252 27903050 29795090
17695986 26523080 31135326
17786825 26485337 31082230
17894528 25406808 32053056
17938289 19293911 38122192
18007902 18170282 39176208
18093612 27922028 29338752
18113880 26878650 30361862
18142446 24776870 32435076
18301396 25556836 31496160
18346160 18686088 38322144
18398622 18826025 38129745
18401598 21663036 35289758
18686088 28189253 28479051
18914135 24877744 31562513
19053500 27771700 28529192
19141520 20411358 35801514
19141520 23238592 32974280
19145565 26826240 29382587
19221960 21140952 34991480
19236568 26012720 30105104
19340288 26865448 29148656
19347272 24677200 31329920
19399041 21618775 34336576
19842317 26523080 28988995
19856790 22637952 32859650
19862909 21618319 33873164
20002077 21015739 34336576
20173340 21679622 33501430
20221361 25969988 29163043
20306156 26894336 28153900
20382917 23726352 31245123
20511552 24863660 29979180
20712410 21212096 33429886
21085020 26586628 27682744
21175608 25645440 28533344
21370740 22652182 31331470
21446220 24692352 29215820
22334768 25406808 27612816
22484600 26086112 26783680
23069160 24495868 27789364
23405260 23600780 28348352
23600780 23727852 28025760
24289524 25479698 25585170
24464080 24633574 26256738
