233974 56342384 62754442
1543930 37046693 80740177
2257232 36127044 80946524
2417382 17411930 99501488
3506250 47133152 68691398
5498091 42715977 71116732
5709706 52215436 61405658
7283750 39971400 72075650
7361000 40091532 71878268
7798520 45811322 65720958
8445312 18850048 92035440
8564090 33399651 77367059
10045080 15712440 93573280
11212607 43003149 65115044
11667680 16140000 91523120
12101260 14734442 92495098
12630371 14439657 92260772
13495734 40701391 65133675
14062978 49991624 55276198
14683154 36383198 68264448
15647200 47133152 56550448
15793065 24426990 79110745
15929261 50204511 53197028
16041668 50083280 53205852
16057816 22507520 80765464
16599320 40015160 62716320
17148800 45530000 56652000
18840188 34770636 65719976
19705180 37994944 61630676
19736353 43515311 56079136
20432680 37841568 61056552
21592096 32252504 65486200
23953470 32450880 62926450
24528000 40626792 54176008
25038941 39550337 54741522
25679220 44780694 48870886
29470504 31216080 58644216
30854072 41206220 47270508
31629360 37072520 50628920
32326928 41719776 45284096
34230768 34438950 50661082
34230768 39819392 45280640
