10390 78991195 84710531
24330 69345210 94342576
42092 73777536 89892488
173110 65949176 97589830
181925 78420286 85109905
269664 68012532 95429920
271116 63590180 99850820
288624 73662190 89761302
292612 75533160 87886344
298220 70468360 92945536
501160 65239584 97971372
505568 71805084 91401464
522586 75628290 87561240
586770 80187960 82937386
617468 63964528 99130120
656750 72613904 90441462
683550 66074624 96953942
700798 80073548 82937770
765808 66207108 96739200
877354 74109090 88725672
888320 71679220 91144576
980698 62891450 99839968
1046520 73250020 89415576
1067343 74019125 88625648
1120600 72322022 90269494
1154900 69045403 93511813
1274016 79334040 83104060
1288208 73521084 88902824
1340008 62652060 99720048
1367738 63687926 98656452
1464480 69994813 92252823
1513528 70024350 92174238
1561935 73442224 88707957
1575730 78332680 83803706
1747292 70728068 91236756
1783732 78503744 83424640
1934100 70124904 91653112
1958736 77045168 84708212
1967229 72696624 89048263
2048256 62533740 99130120
2064650 77397146 84250320
2223208 79412310 82076598
2239380 73017936 88454800
2255778 67257715 94198623
2350300 68599036 92762780
2353300 78818008 82540808
2484720 68341136 92886260
2519345 67024206 94168565
2530697 64091930 97089489
2664050 80391816 80656250
2681784 64057656 96972676
2681784 73430712 87599620
2743416 80104610 80864090
2743420 69561880 91406816
2799970 61037571 99874575
2800354 62144480 98767282
2892906 66365255 94453955
2892906 71183150 89636060
2892950 74098869 86720297
2924092 63533184 97254840
2924092 79371704 81416320
3005314 62327250 98379552
3005314 70261868 90444934
3030428 61924257 98757431
3057092 68413154 92241870
3103780 66782641 93825695
3223960 67300944 93187212
3223960 76873324 83614832
3245719 71292401 89173996
3261938 73790264 86659914
3269688 67887280 92555148
3298808 61691736 98721572
3450202 66983250 93278664
3479625 66856500 93375991
3495712 67330144 92886260
3552233 80039030 80120853
3564360 70274296 89873460
3578960 74583406 85549750
3640758 75326636 84744722
3823980 67125356 92762780
3823980 67383150 92504986
3837851 66903184 92971081
3870016 59917494 99924606
3870016 64057656 95784444
3967071 67237210 92507835
4006416 62966500 96739200
4011483 70728068 88972565
4136400 73275976 86299740
4323117 77694240 81694759
4365122 79121610 80225384
4405408 77482056 81824652
4744012 71945904 87022200
4763694 77850038 81098384
4793160 62735176 96183780
4958420 64630935 94122761
4958420 77694240 81059456
5019517 68634172 90058427
5076944 60964348 97670824
5108806 58632140 99971170
5177344 74828820 83705952
5232610 59778608 98700898
5326116 66442960 91943040
5422626 75075630 83213860
5495660 63873880 94342576
5508752 76751072 81452292
5532980 71122595 87056541
5535570 59592250 98584296
5542663 71766837 86402616
5569992 58889840 99252284
5578205 66811665 91322246
5598099 75340892 82773125
5683392 69998698 88030026
5683392 75486024 82542700
5683392 76155528 81873196
5845096 61683240 96183780
5911720 71634976 86165420
5925120 69624361 88162635
6060888 77274880 80376348
6060908 67680237 89970971
6094108 64997900 92620108
6095792 65442048 92174276
6197272 72292636 85222208
6322700 65074378 92315038
6335796 78254710 79121610
6361200 75320804 82030112
6421700 74129160 83161256
6421700 76680100 80610316
6421700 77077648 80212768
6430177 61469980 95811959
6432952 60672240 96606924
6432952 71805084 85474080
6489160 77778480 79444476
6501263 69624361 87586492
6578226 59908200 97225690
6578226 60265240 96868650
6615552 77902368 79194196
6633882 73974174 83104060
6685956 61100640 95925520
6825970 59720364 97165782
6859765 68822325 88030026
7226518 73297856 83187742
7226518 76297638 80187960
7249420 66452328 90010368
7297460 73269200 83145456
7330600 69948104 86433412
7379006 69501952 86831158
7429806 61006720 95275590
7430510 75951616 80329990
7454950 59467688 96789478
7462284 65538188 90711644
7540106 58397615 97774395
7600422 71828364 84283330
7718604 65224544 90768968
7739900 73790264 82181952
7821959 59620432 96269725
7881897 58961569 96868650
7889175 68487918 87335023
7900498 70261868 85549750
7924604 60136096 95651416
7966773 62528550 93216793
7971030 55938006 99803080
7975209 68384248 87352659
8017952 69528164 86166000
8030470 61414342 94267304
8067845 63061468 92582803
8115226 75370040 80226850
8150635 71807832 83753649
8183764 56032530 99495822
8197520 75326636 80187960
8249280 70071305 85391531
8393750 75849164 79469202
8473676 56108320 99130120
8765839 56599920 98346357
8873326 65248576 89590214
8873326 69229350 85609440
8876975 62308291 92526850
8895426 71254392 83562298
8941004 75326636 79444476
9094298 66232098 88385720
9146141 65504100 89061875
9184147 60836751 93691218
9209728 61784052 92718336
9209728 76680100 77822288
9278422 71806074 82627620
9285426 62653950 91772740
9450217 76132068 78129831
9460376 73790264 80461476
9465420 57283831 96962865
9542982 75195914 78973220
9551217 58981044 95179855
9597152 55378900 98736064
9642674 73071968 80997474
9695670 66031128 87985318
9697492 66232098 87782526
9715067 60157825 93839224
9744932 71738208 82228976
9772196 76856832 77083088
9826836 70149280 83736000
9872320 74994386 78845410
9902664 68012532 85796920
9955456 74215160 79541500
10047150 64249390 89415576
10047150 71787190 81877776
10101425 64057656 89553035
10130022 66321840 87260254
10130022 71041286 82540808
10215821 63603807 89892488
10307424 67385860 86018832
10346720 75750376 77615020
10352860 59463040 93896216
10554230 69833664 83324222
10574836 61818830 91318450
10583020 69911352 83217744
10586876 61180230 91945010
10629685 70727675 82354756
10631948 72371102 80709066
10653690 59964246 93094180
10739950 57232264 95739902
10759364 73979532 78973220
10787318 57561288 95363510
10787318 72268548 80656250
10886594 64624645 88200877
10971351 71156080 81584685
11039786 70306875 82365455
11095392 56754108 95862616
11273563 68292408 84146145
11362008 62130204 90219904
11424170 74192344 78095602
11438764 74193168 78080184
11440168 64109313 88162635
11466900 61100640 91144576
11514104 69833664 82364348
11518350 57698586 94495180
11555160 75684880 76472076
11624955 63390285 88696876
11625794 68806242 83280080
11651712 64599908 87460496
11654104 53295540 98762472
11690784 68858092 83163240
11708000 62088760 89915356
11736130 69624361 82351625
11880960 54905952 96925204
11895992 53047140 98768984
11962653 64830235 86919228
12034930 69838084 81839102
12095088 54978000 96639028
12274425 70796687 80641004
12318540 57080676 94312900
12337564 61588136 89786416
12355431 66659435 84697250
12356260 59939960 91415896
12360624 69554814 81796678
12379110 74461402 76871604
12407255 69784486 81520375
12420774 51795520 99495822
12420774 70655435 80635907
12420774 70777010 80514332
12442114 55289412 95980590
12447491 53174665 98089960
12518340 58348736 92845040
12580080 56864732 94267304
12588035 64486021 86638060
12636186 56783074 94292856
12638800 56390024 94683292
12708800 52262620 98740696
12726216 55344940 95640960
12845352 62055154 88811610
12962275 64934619 85815222
12972618 73343749 77395749
13015485 68683576 82013055
13097880 72389604 78224632
13219096 64269000 86224020
13221650 66686760 83803706
13230074 59224634 91257408
13238082 56089598 94384436
13299804 65504100 84908212
13376350 63304246 87031520
13381660 56241646 94088810
13383722 57234214 93094180
13475372 69891580 80345164
13500662 70027724 80183730
13527480 52228700 97955936
13555208 50676928 99479980
13622379 74583406 75506331
13758053 72292636 77661427
13959342 70098003 79654771
13977548 64512360 85222208
14001376 63562496 86148244
14034540 51786796 97890780
14036034 68207164 81468918
14065096 70312980 79334040
14130566 53770211 95811339
14307008 50981454 98423654
14485232 70253664 78973220
14535300 65404400 83772416
14559250 60616288 88536578
14622340 50505480 98584296
14651072 69828853 79232191
14664480 55860424 93187212
14745256 53585280 95381580
14745256 61106120 87860740
14783415 61441576 87487125
14790264 53137408 95784444
14803430 65630030 83278656
14890821 74290470 74530825
14982584 73521084 75208448
15022941 65982592 82706583
15022941 66643813 82045362
15022941 67563800 81125375
15051841 55853994 92806281
15076669 50991235 97644212
15076669 59587184 89048263
15199892 66074624 82437600
15204879 52644621 95862616
15235684 60964348 87512084
15235684 71156080 77320352
15285280 60301568 88125268
15287072 62711912 85713132
15324160 52126509 96261447
15391880 52759998 95560238
15469324 73798740 74444052
15489504 68858092 79364520
15494440 53951722 94265954
15494440 68207164 80010512
15495238 58889840 89327038
15572784 57260268 90879064
15640224 73272548 74799344
15661998 53674750 94375368
15671634 56783074 91257408
15790976 62264160 85656980
15906200 73831742 73974174
15927980 58368560 89415576
15991216 55027320 92693580
16050342 51799158 95862616
16078557 56393495 91240064
16231531 64894998 82585587
16249240 71339318 76123558
16280220 53139040 94292856
16280220 55860424 91571472
16353516 50103760 97254840
16374180 68665056 78672880
16445022 50660170 96606924
16458928 65414086 81839102
16526228 53217904 93967984
16557352 55257058 91897706
16576860 53900020 93235236
16576860 60709934 86425322
16578166 52651985 94481965
16622424 55289412 91800280
16622424 58849692 88240000
16624168 72516000 74571948
16629300 57094216 89988600
16680751 65931405 81099960
16744000 51522716 95445400
16746738 62915978 84049400
16764382 52054272 94893462
16764382 70386818 76560916
16767270 69457084 77487762
16785128 57979968 88947020
16912588 52926400 93873128
16984578 63390285 83337253
17031760 53900020 92780336
17034611 48123006 98554499
17184279 59889777 86638060
17231028 55336512 91144576
17329952 53931024 92451140
17334135 63695375 82682606
17384925 61456191 84871000
17394500 56864732 89452884
17437819 71812895 74461402
17599512 47969020 98143584
17698702 49988615 96024799
17850896 57235572 88625648
17886210 60838568 84987338
17959308 52089800 93663008
18045807 53900020 91766289
18069201 70136584 75506331
18280625 72620177 72811314
18432168 54484568 90795380
18443166 52686550 92582400
18476440 55143676 90092000
18503826 63685758 81522532
18612480 71495316 73604320
18649870 56880050 88182196
18749460 72320448 72642208
18758664 55344940 89608512
18775492 53184424 91752200
18775492 71828364 73108260
18800694 62547074 82364348
18857396 60436704 84418016
18874605 55927625 88909886
18883376 60970264 83858476
19086500 55078528 89547088
19086500 66288756 78336860
19188708 51491312 93032096
19253023 47255756 97203337
19253023 67136485 77322608
19295930 53045648 91370538
19318096 52759998 91634022
19327562 56498210 87886344
19388536 62484478 81839102
19399300 68474096 75838720
19425524 45738192 98548400
19495448 67655752 76560916
19497416 55282025 88932675
19548402 54875480 89288234
19588600 46973948 97149568
19588600 69404728 74718788
19593880 53435616 90682620
19668128 49013648 95030340
19669188 58436680 85606248
19669188 60666482 83376446
19710288 48588800 95413028
19716042 50093064 93903010
19739244 44693120 99279752
19739244 69998698 73974174
19740303 55853994 88117819
19767164 48531962 95412990
19767164 71324775 72620177
19840412 51153368 92718336
19896400 58442881 85372835
19939836 53016760 90755520
19980000 47147176 96584940
19998970 62730960 80982186
20030127 69816901 73865088
20050991 51221250 92439875
20059830 52262620 91389666
20059830 57290726 86361560
20066120 56613768 87032228
20101642 48725086 94885388
20184143 52126509 91401464
20207656 54557440 88947020
20246050 44203010 99263056
20272056 71634976 71805084
20402554 67196864 76112698
20475990 65754070 77482056
20516718 58912068 84283330
20516718 59889777 83305621
20530982 47117910 96063224
20543340 56137256 87031520
20569392 70123904 73018820
20612616 53184144 89915356
20645070 44718338 98348708
20858699 62261971 80591446
20901040 52519572 90291504
20942122 68555954 74214040
20954210 55797942 86959964
20962800 50023540 92725776
20970074 66789744 75952298
21018550 48797350 93896216
21042584 56626752 86042780
21162552 63856572 78692992
21275020 62541056 79896040
21401824 46329702 95980590
21401824 53551518 88758774
21488800 43482620 98740696
21514776 51648175 90549165
21514776 52608056 89589284
21602138 58238390 83871588
21636684 60227920 81847512
21660155 44735273 97316688
21684712 50092256 91935148
21707180 66649238 75355698
21714644 52054272 89943200
21727448 52254826 89729842
21782328 64846700 77083088
21789156 58837179 83085781
21806070 57290726 84615320
21821264 66737711 75153141
21860448 69045403 72806265
21898740 65515738 76297638
21939568 42773608 98998940
21969728 61414342 80328046
21971334 55051885 86688897
21971762 51682479 90057875
22044238 49352840 92315038
22086902 69868070 71757144
22106408 62547074 79058634
22146810 66903184 74662122
22163064 60132732 81416320
22167100 55142400 86402616
22167100 59720364 81824652
22207890 47813008 93691218
22207890 62489180 79015046
22235160 69461882 72015074
22258522 67330144 74123450
22269120 50782776 90660220
22290436 55378900 86042780
22312268 63304246 78095602
22344490 46446564 94921062
22375709 56773592 84562815
22375709 63364072 77972335
22455790 46547072 94709254
22526595 44249409 96936112
22526595 64484557 76700964
22576025 45956236 95179855
22687020 53949191 87075905
22710270 49942849 91058997
22715268 66746234 74250614
22831956 56731804 84148356
22864556 68525538 72322022
22933320 62264160 78514636
22946082 64596498 76169536
22968573 63213355 77530188
22978206 60132732 80601178
22981668 44266320 96464128
22993229 55142400 85576487
22993229 56864732 83854155
23054736 48231190 92426190
23110565 48872420 91729131
23176664 47501580 93033872
23182344 62272148 78257624
23198582 53859916 86653618
23204324 47864542 92643250
23321016 50467438 89923662
23340996 42125800 98245320
23435964 45373128 94903024
23470265 47801976 92439875
23586696 42816400 97309020
23598006 50023540 90090570
23606224 44692864 95413028
23606460 59592250 80513406
23751268 59319844 80641004
23806350 62484478 77421288
23833684 41221980 98656452
23911388 63215768 76584960
24032002 55300304 84379810
24032002 59256664 80423450
24040990 46111041 93560085
24048864 63521930 76141322
24075930 50726300 88909886
24085536 49885775 89740805
24171702 67735330 71805084
24304004 42518456 96889656
24469630 65290976 73951510
24481106 63974440 75256570
24688080 50339965 88684071
24723584 44692864 94295668
24734806 68015762 70961548
24742124 53911696 85058296
24749244 64242376 74720496
24793408 48509459 90409249
24795638 62656880 76259598
24806224 55195992 83709900
24807200 55407268 83497648
24812086 64141512 74758518
24812086 67645638 71254392
24867910 41645166 97199040
24906150 54325182 84480784
24956654 66990286 71765176
25070715 64542532 74098869
25147965 61813079 76751072
25177740 54761960 83772416
25309079 62891450 75511587
25309079 63720761 74682276
25449248 55635248 82627620
25573874 48372792 89765450
25592112 42771106 95348898
25592112 65851456 72268548
25613950 40340682 97757484
25685810 66011232 72015074
25696828 44798495 93216793
25696828 58632140 79383148
25708704 58912068 79091344
25738676 39238439 98735001
25787300 39601616 98323200
25790191 45859400 92062525
25835566 42090242 95786308
25846335 38126991 99738790
25880636 45436728 92394752
25979211 64624645 73108260
26045678 48525460 89140978
26059030 62320112 75332974
26065280 63856572 73790264
26130640 38430140 99151336
26183008 62748872 74780236
26212885 43206375 94292856
26231400 48361500 89119216
26261465 57494655 79955996
26289902 53859916 83562298
26289902 59899931 77522283
26307732 65232224 72172160
26352310 39248624 98111182
26375780 53911696 83424640
26399690 44125214 93187212
26399690 48050442 89261984
26464530 52563946 84683640
26464530 59816160 77431426
26512060 49601181 87598875
26523468 50906480 86282168
26523468 66239600 70949048
26589408 39231928 97890780
26629864 51680552 85401700
26652417 65253625 71806074
26657304 55815772 81239040
26692300 47588936 89430880
26703200 51423530 85585386
26776396 61988269 74947451
26777292 42076848 94857976
26809600 53623860 83278656
26809600 61369356 75533160
26897134 37632601 99182381
26902726 55057350 81752040
26902726 56292184 80517206
26963400 43830504 92918212
27015330 42334762 94362024
27064860 50850336 85796920
27102270 60296670 76313176
27127108 67887280 68697728
27150600 58348736 78212780
27218781 44163460 92329875
27296608 46806996 89608512
27296608 48521295 87894213
27318828 54484568 81908720
27318828 65507776 70885512
27353408 47588936 88769772
27353408 65033933 71324775
27370400 38951556 97390160
27450936 37299300 98961880
27450936 50339965 85921215
27482010 62325900 73904206
27497492 59659574 76555050
27551980 44217096 91943040
27575400 56341620 79795096
27575400 63868168 72268548
27581760 46215000 89915356
27646696 51795520 84269900
27672632 60132732 75906752
27755879 44162160 91794077
27916590 49467825 86327701
27916590 67385860 68409666
27955822 56783074 78973220
28306891 55449229 79955996
28362086 60594440 74755590
28402634 43796392 91513090
28447902 52357556 82906658
28505412 65517144 69689560
28533020 67393182 67785914
28582644 62064130 73065342
28587640 46774448 88350028
28598687 54052560 81060869
28683340 37719756 97309020
28693677 47758185 87260254
28693677 53440471 81577968
28693677 63213355 71805084
28712460 59463040 75536616
28738544 43632072 91341500
28804424 61842350 73065342
28844580 52638560 82228976
28846190 66379976 68485950
28867254 52480514 82364348
28884832 40118030 94709254
28980810 40497400 94233906
28980810 53435616 81295690
29104044 54507720 80100352
29221380 61860632 72630104
29297151 35416025 98998940
29352396 53551480 80808240
29430077 54390590 79891449
29430077 60157825 74124214
29449920 65311308 68950888
29452142 56754108 77505866
29515932 45741384 88454800
29517786 35578450 98615880
29653800 55195992 78862324
29653800 57378216 76680100
29675035 58361408 75675673
29689085 38464144 95558887
29696015 66643813 67372288
29712448 42428196 91571472
30035500 42790464 90886152
30035500 50397960 83278656
30036631 56182101 77493384
30059292 63771624 69881200
30066216 53184424 80461476
30066216 55860424 77785476
30100485 56618415 76993216
30170976 38111220 95429920
30170976 64013201 69527939
30224272 48299906 85187938
30287076 59733760 73691280
30346475 63402276 69963365
30350590 48349700 85011826
30399680 63874676 69437760
30426020 36396440 96889656
30431859 50660170 82620087
30592336 47718080 85401700
30670861 34214975 98826280
30670861 42950685 90090570
30704822 58423888 74583406
30734610 42576008 90401498
30836720 48341088 84534308
30898119 36072340 96741657
30915040 59019540 73777536
30941356 60594440 72176320
30960476 41607064 91144576
30968370 39583050 93160696
31042546 51928630 80740940
31207440 56207038 76297638
31212866 48627662 83871588
31238616 60550846 71922654
31305900 38510000 93896216
31316457 33706421 98689238
31416600 59019540 73275976
31429700 65517144 66765272
31459790 65752132 66500194
31492825 48415585 83803706
31552512 56731804 75427800
31588015 50238231 81885870
31595993 37848819 94267304
31620970 48500760 83590386
31645832 33260220 98806064
31793376 32960180 98958560
31814016 39236820 92661280
31847684 33484880 98379552
31878500 63359520 68474096
31888228 55973724 75850164
31888228 65299584 66524304
31888228 65535132 66288756
31899065 47102520 84710531
31944588 41305549 90461979
32041046 37690270 93980800
32055316 47152206 84504594
32084610 57979968 73647538
32097384 44975996 86638736
32115419 62398449 69198248
32152964 61942560 69616592
32165380 53551518 77995218
32242371 53070885 78398860
32244825 46457035 85010256
32304888 35563338 95843890
32343356 42487280 88881480
32436920 52234124 79041072
32451048 49792150 81468918
32509269 41144420 90058427
32509269 62527380 68675467
32550139 42999342 88162635
32557056 33510848 97644212
32557056 35954710 95200350
32561650 62547074 68603392
32649234 58649762 72413120
32701185 37107921 93903010
32781170 41050910 89880036
32799560 49954662 80957894
32897130 33115367 97699619
32910400 58212276 72589440
32916865 48828453 81966798
32916865 49013648 81781603
33029074 36987648 93695394
33053524 43632072 87026520
33065987 35811849 94834280
33075512 41901956 88734648
33075512 54994009 75642595
33098911 34214975 96398230
33098911 50370129 80243076
33113007 56947892 73651217
33113500 44270915 86327701
33115367 56887118 73709631
33142748 48407185 82162183
33188700 39529134 90994282
33188700 49003041 81520375
33238034 56781762 73692320
33271207 43505865 86935044
33296022 47023960 83392134
33296022 59917494 70498600
33318479 60430272 69963365
33437062 59778608 70496446
33462117 42314269 87935730
33682141 50835779 79194196
33762198 46359532 83590386
33811808 39273360 90626948
33820170 49573863 80318083
33831676 34869000 95011440
33854220 62445565 67412331
33864236 50897992 78949888
34018664 51178816 78514636
34092412 39529134 90090570
34108276 43902045 85701795
34184832 42015200 87512084
34224829 51237270 78250017
34258110 59989869 69464137
34292625 47594912 81824579
34307414 46128930 83275772
34424271 35911854 93375991
34481956 46457035 82773125
34552842 54966930 74192344
34613068 42076848 87022200
34623600 44419504 84669012
34623600 58963612 70124904
34676404 37642252 91393460
34739726 60325340 68647050
34756576 56618415 72337125
34771517 49014960 79925639
34828710 52977374 75906032
34868418 54780262 74063436
34875790 58442881 70393445
34886924 63513884 65311308
34901296 50593558 78217262
34901296 62445565 66365255
35040166 58571450 70100500
35149444 37427670 91135002
35149444 49869680 78692992
35283584 55195992 73232540
35360224 45749060 82602832
35432116 48673040 79606960
35480932 38874512 89356672
35480932 49927784 78303400
35564906 54704986 73442224
35598012 56350744 71763360
35600896 62217456 65893764
35705139 62885743 65121234
35751766 45937600 82022750
35796950 51522716 76392450
35860572 38948720 88902824
35860572 52365520 75486024
35867725 58114767 69729624
35890616 37948040 89873460
35902956 46352000 81457160
35928060 62327250 65456806
35958510 41832391 85921215
36019585 51535498 76157033
36023656 58826640 68861820
36038592 47730868 79942656
36064584 54196838 73450694
36077157 57686855 69948104
36120867 63499257 64091992
36132248 62064130 65515738
36135580 44270915 83305621
36183040 47014744 80514332
36200844 38373680 89137592
36200844 43430992 84080280
36292104 37362137 90057875
36297856 38629668 88784592
36297856 45447462 81966798
36325686 47258235 80128195
36396440 47419636 79896040
36436122 42771400 84504594
36440128 36947988 90324000
36469440 57403676 69839000
36533312 50883564 76295240
36600576 42365940 84745600
36650912 48310590 78750614
36653641 61075883 65982592
36736396 62711912 64263808
36935308 37544724 89232084
37037552 51143004 75531560
37050478 51363660 75297978
37109464 57691985 68910667
37192506 62163775 64355835
37265956 52754880 73691280
37327838 51237270 75147008
37356268 44687432 81668416
37356268 47081028 79274820
37368046 55072989 71271081
37368046 57392200 68951870
37415200 37599908 88697008
37436444 46065121 80210551
37465884 51584110 74662122
37529854 57486680 68695582
37562036 54966930 71183150
37632601 55127131 70952384
37673500 60727308 65311308
37719756 47969020 78023340
37728392 47116354 78867370
37736311 44904325 81071480
37747158 47864542 78100416
37793290 55532008 70386818
37878864 40397100 85436152
37927880 44975996 80808240
37948040 57959820 67804256
38110276 47252642 78349198
38195716 44600000 80916400
38208560 47718080 77785476
38231270 61792920 63687926
38332734 47730868 77648514
38334660 56681540 68695916
38395164 53663916 71653036
38414320 49165728 76132068
38467820 45205266 80039030
38477313 40855725 84379078
38514089 56287360 68910667
38517564 62484478 62710074
38546620 39793980 85371516
38578400 55694716 69439000
38601360 52299442 72811314
38671234 48692416 76348466
38714382 51584110 73413624
38762078 50457344 74492694
38762078 57691985 67258053
38845884 44351900 80514332
38874512 45394772 79442832
38991730 51363360 73357026
39033206 49780592 74898318
39093298 60325340 64293478
39121058 45264656 79326402
39211276 40250520 84250320
39211276 50020200 74480640
39213102 54104314 70394700
39218233 42816400 81677483
39218907 50660170 73833039
39354664 46675782 77681670
39454400 52287786 71969930
39492016 45357350 78862750
39529134 54390590 69792392
39530000 58361408 65820708
39532750 45447462 78731904
39574858 56754108 67383150
39642064 60309454 63760598
39701960 49858544 74151612
39731600 51540816 72439700
39793980 44123040 79795096
39815748 49992162 73904206
39905006 46312086 77495024
39982734 53517348 70212034
40100472 54749824 68861820
40107632 51658580 71945904
40111192 41316261 82284663
40118030 54943926 68650160
40215743 60124764 63371609
40262220 53657504 69792392
40294070 45205266 78212780
40313393 55753085 67645638
40340682 61146979 62224455
40393512 41305549 82013055
40414956 53298462 69998698
40439828 54622128 68650160
40445420 45226176 78040520
40462430 58649762 64599924
40469592 59720364 63522160
40575935 60690616 62445565
40655970 41950340 81105806
40738238 52269942 70703936
40770450 51178306 71763360
40848570 59890600 62972946
40922656 50467438 72322022
40995600 50958756 71757760
41061009 42015200 80635907
41146937 45796080 76769099
41289396 44119320 78303400
41316261 42740880 79654975
41332780 50726300 71653036
41410824 57260268 65041024
41410824 59965128 62336164
41440220 59744516 62527380
41607064 54227360 67877692
41901956 57513200 64296960
42015200 46158560 75538356
42015200 47255756 74441160
42041248 57796192 63874676
42076848 47663344 73971924
42311955 59812025 61588136
42334762 45264656 76112698
42365940 51512512 69833664
42642696 47117910 73951510
42740880 54146410 66824826
42877872 54454268 66379976
42999342 56569996 64142778
43120000 57749116 62843000
43321131 48627662 71763323
43367522 46455858 73888736
43367522 51392724 68951870
43557380 52957872 67196864
43632072 50672892 69407152
43836228 49927784 69948104
43840599 59931988 59939529
43961732 56329904 63420480
43961960 58238390 61511766
43986375 58729369 60996372
44125214 44806666 74780236
44223760 58601884 60886472
44268068 49917848 69526200
44539692 56183110 62989314
44585360 48372792 70753964
44641050 56511366 62559700
44657340 58438488 60616288
44693586 55363924 63654606
44710530 51986934 67014652
44777008 49557328 69377780
44816064 53217904 65678148
44837940 46553728 72320448
44837940 57542496 61331680
44869568 51360653 67481895
45014634 45447462 73250020
45055160 45591614 73065342
45057700 49074224 69580192
45057700 59300162 59354254
45226176 58461656 60024284
45312317 49698052 68701747
45347440 50023540 68341136
45354626 50681366 67676124
45517032 48123006 70072078
45526670 47152206 71033240
45550148 55687040 62474928
45560125 58670089 59481902
45666084 49284222 68761810
46065121 47269525 70377470
46120050 52025191 65566875
46312086 54052560 63347470
46469866 53938004 63304246
46553728 47010186 70148202
46611514 46617298 70483304
46714596 54184320 62813200
47124096 51145972 65442048
47154000 54454268 62103848
47169796 52565760 63976560
47267385 54182760 62261971
47267596 47298560 69145960
47492920 50726373 65492823
47594912 57755796 58361408
47693182 48240402 67778532
47854232 56207038 59650846
47969020 51700924 64042172
47973936 49210196 66527984
47989960 54540596 61181560
47995436 53137408 62579272
48097712 55084200 60530204
48285288 52218366 63208462
48588800 55099032 60024284
48731828 54878582 60101706
48759234 55441928 59510954
48875189 50757284 64079643
49598076 52295210 61818830
49598076 53788700 60325340
50525872 52656040 60530204
50975103 53471457 59265556
51110295 55722225 56879596
51271235 52770720 59670161
51349562 52395442 59967112
51491312 55521304 56699500
52287786 52765888 58658442
52365520 53859916 57486680
52434752 54650612 56626752
52480860 55397200 55834056
53053852 53426000 57232264
