aadix
aadxi
aaidx
aaixd
aaxdi
aaxid
adaix
adaxi
adiax
adixa
adxai
adxia
aiadx
aiaxd
aidax
aidxa
aixad
aixda
axadi
axaid
axdai
axdia
axiad
axida
aadix
aadxi
aaidx
aaixd
aaxdi
aaxid
adaix
adaxi
adiax
adixa
adxai
adxia
aiadx
aiaxd
aidax
aidxa
aixad
aixda
axadi
axaid
axdai
axdia
axiad
axida
daaix
daaxi
daiax
daixa
daxai
daxia
daaix
daaxi
daiax
daixa
daxai
daxia
diaax
diaxa
diaax
diaxa
dixaa
dixaa
dxaai
dxaia
dxaai
dxaia
dxiaa
dxiaa
iaadx
iaaxd
iadax
iadxa
iaxad
iaxda
iaadx
iaaxd
iadax
iadxa
iaxad
iaxda
idaax
idaxa
idaax
idaxa
idxaa
idxaa
ixaad
ixada
ixaad
ixada
ixdaa
ixdaa
xaadi
xaaid
xadai
xadia
xaiad
xaida
xaadi
xaaid
xadai
xadia
xaiad
xaida
xdaai
xdaia
xdaai
xdaia
xdiaa
xdiaa
xiaad
xiada
xiaad
xiada
xidaa
xidaa
