PUZZLE #1
1 1 0 1 1 1 
0 0 1 1 1 0 
1 0 0 0 1 0 
1 1 1 0 0 0 
0 1 1 1 1 1 
PUZZLE #2
0 1 1 0 1 0 
0 0 0 0 1 0 
0 0 1 0 0 0 
0 1 1 0 0 1 
0 0 1 1 0 1 
PUZZLE #3
1 1 1 1 1 1 
0 1 1 1 1 0 
0 0 0 0 1 0 
0 1 1 0 1 1 
0 0 1 0 1 0 
PUZZLE #4
0 1 0 0 1 0 
0 1 1 1 0 1 
1 0 1 0 0 0 
1 1 1 0 1 1 
1 1 1 0 1 0 
PUZZLE #5
1 1 1 1 1 0 
1 1 1 1 0 0 
1 0 0 0 0 0 
1 0 1 0 0 0 
0 0 1 1 0 0 
PUZZLE #6
1 1 1 1 1 0 
0 1 1 1 0 1 
1 1 0 1 1 1 
0 1 1 1 1 1 
0 0 1 0 0 1 
PUZZLE #7
0 1 0 0 1 1 
1 1 0 1 0 1 
0 1 0 1 1 1 
1 1 0 1 1 1 
0 1 0 1 0 1 
PUZZLE #8
1 1 1 0 0 0 
0 1 0 1 0 1 
0 0 0 1 0 1 
0 1 1 0 0 1 
1 0 0 0 0 1 
PUZZLE #9
0 0 1 0 1 1 
0 1 1 0 0 0 
1 0 1 1 1 0 
0 1 1 0 0 0 
0 0 0 1 0 0 
PUZZLE #10
0 1 1 1 0 1 
1 0 1 1 0 1 
0 1 1 0 0 1 
0 0 1 0 0 1 
0 0 0 1 1 0 
PUZZLE #11
1 1 0 1 0 0 
0 0 1 1 1 0 
0 0 1 0 0 1 
1 0 1 1 0 0 
1 0 1 0 0 1 
