PUZZLE #1
1 1 1 0 0 1 
0 0 0 0 1 1 
1 1 1 1 1 0 
0 1 0 1 1 0 
0 0 1 1 1 1 
PUZZLE #2
1 1 0 0 1 0 
0 0 1 1 0 0 
0 1 0 0 0 0 
1 1 0 0 1 0 
0 1 0 1 1 1 
PUZZLE #3
1 0 1 1 1 0 
0 1 0 1 0 1 
1 0 0 1 1 0 
1 1 0 0 0 0 
0 0 1 1 1 0 
PUZZLE #4
1 1 1 0 1 0 
0 1 0 1 0 1 
0 0 0 1 0 1 
0 1 1 1 0 0 
1 0 1 0 1 1 
PUZZLE #5
1 0 1 1 0 0 
1 1 1 1 1 0 
1 1 1 0 0 1 
0 0 1 0 0 1 
1 0 0 1 1 0 
PUZZLE #6
0 1 0 1 0 1 
1 1 0 1 1 1 
0 1 1 1 0 1 
0 1 0 1 1 0 
1 1 1 0 0 0 
PUZZLE #7
1 1 1 1 1 1 
0 0 1 1 0 0 
1 1 0 1 1 1 
0 0 1 1 1 1 
1 1 0 0 0 1 
PUZZLE #8
0 0 0 1 1 0 
0 0 1 1 0 1 
0 0 0 1 0 1 
1 0 0 1 0 0 
0 1 1 0 1 1 
PUZZLE #9
1 0 0 1 1 0 
0 1 1 0 0 0 
0 0 1 1 0 0 
0 0 1 0 1 0 
1 1 0 1 1 1 
PUZZLE #10
0 0 0 0 0 0 
0 0 0 1 0 1 
0 0 1 1 0 1 
1 1 1 1 1 0 
1 0 0 1 0 0 
PUZZLE #11
0 0 1 0 0 1 
0 0 1 0 1 1 
0 1 0 1 0 0 
0 0 1 1 0 1 
0 0 0 1 0 1 
PUZZLE #12
0 0 0 0 1 1 
1 0 0 1 0 1 
1 0 1 1 1 0 
1 0 0 0 0 0 
0 1 1 0 0 0 
PUZZLE #13
0 1 1 0 1 0 
1 1 0 0 1 1 
0 1 0 0 0 0 
0 0 0 1 1 1 
0 0 0 0 1 0 
PUZZLE #14
0 0 0 0 1 0 
1 0 0 1 1 1 
0 1 0 0 1 0 
0 1 1 1 0 1 
0 0 1 0 1 0 
PUZZLE #15
1 0 0 0 0 0 
1 1 1 0 0 1 
1 1 0 1 1 0 
1 0 1 0 1 0 
0 1 1 1 0 0 
PUZZLE #16
1 0 0 0 1 1 
1 1 1 1 0 1 
1 1 1 0 0 0 
1 0 0 1 0 0 
0 0 0 0 1 0 
PUZZLE #17
0 0 1 0 1 0 
0 1 1 0 1 1 
0 0 1 0 1 0 
0 0 1 0 0 0 
0 0 1 0 1 0 
