PUZZLE #1
1 1 1 0 0 0 
0 1 0 1 1 0 
0 0 0 1 0 0 
0 1 0 0 1 0 
1 1 1 0 1 1 
PUZZLE #2
1 0 0 0 1 0 
1 0 1 1 0 1 
1 1 0 0 1 1 
1 0 1 1 0 1 
1 1 0 0 1 0 
PUZZLE #3
1 1 0 0 0 0 
0 0 1 0 0 0 
1 1 1 1 0 1 
0 1 1 0 0 1 
0 1 0 1 1 0 
PUZZLE #4
1 0 0 0 0 0 
1 1 0 0 1 0 
0 0 1 1 1 1 
1 0 1 1 0 0 
1 0 1 1 1 1 
PUZZLE #5
0 0 0 1 1 0 
0 0 1 1 0 1 
0 1 1 0 1 1 
1 0 1 1 0 0 
1 0 1 0 0 0 
PUZZLE #6
1 1 1 0 1 1 
0 1 0 0 1 1 
0 0 0 1 0 0 
1 1 0 1 0 1 
0 1 1 1 0 1 
PUZZLE #7
0 1 0 0 0 0 
1 1 0 0 0 0 
0 1 1 1 0 0 
0 1 1 0 0 0 
1 1 0 0 0 0 
PUZZLE #8
0 1 0 1 0 1 
1 0 1 1 1 1 
0 0 0 0 0 0 
1 0 1 1 1 1 
1 0 1 1 1 1 
PUZZLE #9
0 1 0 1 1 1 
0 1 0 0 1 1 
1 0 1 1 1 1 
1 1 0 1 0 0 
0 0 0 0 1 1 
PUZZLE #10
0 0 1 0 0 0 
0 1 1 1 0 1 
1 0 0 0 1 1 
1 0 0 1 0 1 
0 1 1 1 1 0 
PUZZLE #11
0 0 1 1 1 0 
0 1 1 1 1 0 
1 0 0 0 1 1 
1 0 1 0 0 0 
0 0 0 1 1 1 
PUZZLE #12
1 0 0 1 0 0 
1 0 0 1 1 0 
0 1 1 1 1 0 
1 0 1 0 0 1 
1 1 0 0 0 0 
