PUZZLE #1
0 1 0 1 0 0 
1 1 0 1 1 1 
1 1 0 1 1 0 
1 0 0 1 1 0 
0 1 1 1 1 1 
PUZZLE #2
0 0 1 0 0 1 
0 0 1 1 1 1 
0 1 1 1 1 1 
1 0 0 0 0 1 
1 0 1 1 0 1 
PUZZLE #3
0 0 1 0 1 0 
0 1 1 0 1 1 
1 0 1 0 1 1 
1 1 0 0 1 0 
0 1 0 1 0 0 
PUZZLE #4
0 0 0 0 0 0 
0 0 0 1 1 0 
0 0 1 0 0 1 
0 1 1 1 1 0 
0 0 0 1 0 0 
PUZZLE #5
0 0 0 0 0 0 
0 0 0 1 0 0 
0 0 1 0 0 0 
0 1 1 0 0 0 
1 1 1 1 0 0 
PUZZLE #6
0 0 0 1 0 1 
0 0 1 1 0 1 
0 1 1 1 0 0 
1 0 1 1 1 1 
1 0 0 0 1 0 
PUZZLE #7
0 0 0 1 0 0 
0 0 1 1 0 1 
1 1 0 1 0 1 
0 0 1 0 0 0 
0 0 0 0 0 0 
PUZZLE #8
1 1 1 0 0 1 
0 1 0 1 0 1 
0 0 1 1 0 0 
1 1 1 1 1 1 
1 1 0 0 1 0 
PUZZLE #9
0 0 1 0 0 0 
1 1 0 1 0 1 
1 0 1 1 0 1 
1 1 0 1 0 0 
1 0 0 0 1 1 
PUZZLE #10
0 1 1 0 0 0 
1 0 0 1 0 0 
1 1 0 1 1 0 
1 1 0 1 0 0 
1 0 0 1 0 0 
PUZZLE #11
0 0 1 0 1 0 
1 0 1 0 0 1 
0 0 1 0 0 1 
1 0 0 1 0 0 
1 1 0 1 0 0 
PUZZLE #12
1 0 0 0 0 1 
1 1 0 0 0 1 
0 0 1 1 0 0 
1 0 0 0 0 1 
1 1 1 0 0 1 
PUZZLE #13
1 0 0 1 0 0 
1 0 1 0 1 0 
0 0 1 1 1 1 
1 1 1 1 0 0 
0 1 0 1 0 1 
PUZZLE #14
0 0 0 0 1 1 
0 0 0 1 0 1 
1 0 1 1 1 0 
1 1 1 0 1 1 
1 0 1 0 1 0 
PUZZLE #15
1 0 0 0 1 0 
1 1 1 0 1 0 
1 1 0 1 0 1 
1 1 1 1 1 1 
1 0 1 0 0 1 
PUZZLE #16
1 0 0 0 0 0 
1 1 0 0 0 0 
1 0 1 1 1 0 
1 0 0 0 1 1 
0 1 1 0 1 0 
PUZZLE #17
1 1 0 1 1 1 
1 0 1 0 1 1 
0 1 0 1 0 0 
1 1 1 0 0 1 
0 0 0 0 0 1 
PUZZLE #18
1 1 1 0 1 1 
1 0 0 0 0 1 
0 0 1 1 0 0 
0 1 0 1 1 1 
0 0 1 1 1 0 
