PUZZLE #1
0 1 0 0 0 1 
1 1 0 1 1 0 
0 0 0 1 1 1 
1 1 1 1 0 0 
0 1 0 1 0 1 
PUZZLE #2
1 1 1 1 0 1 
0 1 0 0 0 0 
0 0 0 1 0 0 
1 1 1 0 0 0 
0 1 0 0 0 0 
PUZZLE #3
1 0 1 1 1 1 
1 0 0 0 1 0 
0 1 1 0 1 0 
1 1 0 0 0 1 
0 1 0 0 0 0 
PUZZLE #4
0 0 0 1 0 1 
0 1 1 1 0 0 
1 0 1 1 1 1 
1 0 0 0 1 1 
0 1 1 0 1 0 
PUZZLE #5
0 1 1 1 0 1 
0 0 1 0 0 1 
0 1 0 1 1 0 
0 0 1 0 1 1 
0 0 1 0 1 0 
PUZZLE #6
1 0 0 0 0 0 
1 1 0 1 1 0 
1 1 0 0 0 1 
1 1 1 0 0 1 
1 0 0 1 1 0 
PUZZLE #7
0 0 1 0 1 0 
0 0 1 0 1 1 
0 1 0 1 1 0 
1 0 1 0 0 0 
0 1 1 0 1 0 
PUZZLE #8
1 1 0 0 1 1 
0 1 1 1 0 0 
0 0 1 1 0 1 
1 0 1 1 0 1 
0 1 1 1 1 0 
