PUZZLE #1
1 1 0 0 1 0 
1 0 1 1 0 1 
0 1 0 0 1 1 
0 1 0 0 1 0 
0 0 1 1 0 0 
PUZZLE #2
1 0 1 0 0 0 
0 1 1 0 0 1 
0 0 1 0 0 0 
0 1 0 0 0 1 
0 1 0 1 1 0 
PUZZLE #3
1 1 0 0 1 0 
1 0 1 0 0 0 
0 1 1 1 1 0 
0 0 1 1 1 1 
1 0 1 0 0 0 
PUZZLE #4
1 1 1 0 1 0 
0 1 1 0 1 1 
0 0 0 0 1 0 
0 1 1 1 0 0 
1 1 1 1 1 0 
PUZZLE #5
1 1 1 1 1 1 
0 1 0 1 1 0 
0 0 0 1 0 1 
0 0 0 0 1 1 
0 0 0 0 0 1 
PUZZLE #6
0 0 0 0 1 1 
1 0 0 1 0 0 
0 0 1 1 0 1 
1 0 0 0 0 1 
1 0 1 1 1 1 
PUZZLE #7
1 1 0 0 1 0 
0 0 0 1 1 1 
1 1 1 0 0 1 
1 1 1 0 1 0 
1 0 1 0 1 1 
PUZZLE #8
0 1 0 0 1 1 
1 1 1 1 0 0 
1 0 1 0 1 1 
1 1 0 1 0 0 
1 0 1 1 1 1 
PUZZLE #9
0 1 0 0 1 1 
0 1 0 1 0 1 
1 1 1 0 0 0 
0 0 0 0 0 1 
1 1 0 0 0 0 
PUZZLE #10
1 0 0 1 0 1 
1 1 1 1 0 1 
1 1 0 1 0 1 
1 0 1 0 0 0 
0 1 1 0 0 0 
PUZZLE #11
0 0 0 1 1 1 
0 0 1 1 1 0 
0 1 0 1 1 0 
1 0 1 1 1 1 
0 1 0 0 0 1 
PUZZLE #12
1 0 0 1 1 1 
1 0 1 0 1 1 
0 0 1 1 1 1 
1 1 1 1 1 0 
0 1 0 0 1 0 
PUZZLE #13
1 0 1 0 0 0 
1 0 1 0 1 0 
0 1 0 1 1 0 
0 0 1 1 1 0 
0 0 0 0 1 0 
PUZZLE #14
0 1 1 0 1 1 
0 0 0 0 0 0 
0 1 0 0 1 1 
1 0 0 1 0 0 
1 0 1 1 0 1 
PUZZLE #15
0 1 1 0 0 1 
1 1 0 1 1 1 
0 1 1 0 1 1 
1 0 0 1 0 1 
1 0 1 1 1 0 
PUZZLE #16
1 1 0 0 0 0 
1 0 0 0 1 0 
0 0 0 1 1 1 
1 0 1 0 0 0 
1 0 1 0 1 1 
PUZZLE #17
1 0 0 1 0 1 
1 1 1 1 0 1 
1 1 1 1 0 0 
1 1 0 1 1 0 
1 0 0 1 0 0 
PUZZLE #18
0 0 1 0 1 1 
0 0 0 1 0 0 
1 1 1 1 0 1 
0 0 1 1 0 1 
0 0 0 1 0 0 
