49 80 2190 9967
49 862 2715 8660
49 1008 2873 8356
49 1276 5022 5939
49 1421 3360 7456
49 2360 4855 5022
80 2120 2630 7456
600 908 1421 9357
600 908 4028 6750
600 1276 1520 8890
600 1450 4028 6208
600 1568 2873 7245
600 1568 3740 6378
600 2715 4028 4943
664 714 4028 6880
664 1160 5212 5250
664 1522 3940 6160
664 3240 3360 5022
680 1450 5056 5100
680 1520 2630 7456
680 2120 3816 5670
680 2307 3360 5939
680 2672 2774 6160
714 1160 1522 8890
714 1450 5022 5100
862 1000 2774 7650
862 1276 3940 6208
908 1421 2307 7650
908 1568 4560 5250
908 2663 3740 4975
1000 1008 4028 6250
1000 1276 2360 7650
1008 1160 2873 7245
1008 1160 3740 6378
1008 1522 2190 7566
1008 2307 4028 4943
1276 1520 3240 6250
1276 2190 3240 5580
1276 2630 3740 4640
1421 1450 4560 4855
1450 2392 2774 5670
1520 1522 3664 5580
1520 2307 3899 4560
1520 2663 3160 4943
1522 1568 2360 6836
1522 2122 2392 6250
1522 2392 3160 5212
1522 3160 3664 3940
1522 3360 3664 3740
1739 2392 3055 5100
1739 2663 2672 5212
2122 2392 2672 5100
2190 2663 2873 4560
