66 793 8795 9044
66 1098 8318 9216
66 1964 7880 8788
66 2042 7569 9021
66 2100 7060 9472
66 2100 7428 9104
66 2786 6048 9798
66 2786 6400 9446
66 2786 7051 8795
66 2872 7230 8530
66 2916 6612 9104
66 2965 6195 9472
66 2965 6370 9297
66 3112 5801 9719
66 3112 6048 9472
66 3200 6328 9104
66 3332 7116 8184
66 3490 6612 8530
66 3512 5320 9800
66 3590 5596 9446
66 3744 5672 9216
66 3760 5575 9297
66 3886 5800 8946
66 3886 6947 7799
66 4012 7051 7569
66 4054 6048 8530
66 4208 5320 9104
66 4464 6328 7840
66 4629 6575 7428
66 4965 6343 7324
66 5345 5575 7712
66 5693 5895 7044
130 380 8640 9548
130 1489 7799 9280
130 1782 7840 8946
130 1802 7410 9356
130 1964 7324 9280
130 2244 7044 9280
130 2480 7044 9044
130 2600 6398 9570
130 2600 6612 9356
130 2600 6947 9021
130 2600 7784 8184
130 2680 6088 9800
130 2820 6200 9548
130 2872 6000 9696
130 2872 6750 8946
130 3200 5672 9696
130 3200 6088 9280
130 3200 7569 7799
130 3250 7203 8115
130 3547 5320 9701
130 3547 5575 9446
130 3547 6000 9021
130 4137 6719 7712
130 4290 6398 7880
130 4464 5060 9044
130 4464 7044 7060
130 4629 6370 7569
130 4774 5476 8318
130 4774 6750 7044
130 4965 6400 7203
130 5170 6195 7203
130 5476 6048 7044
130 5672 5693 7203
130 5800 6370 6398
130 5801 6048 6719
253 320 9021 9104
253 380 9021 9044
253 1098 7799 9548
253 1200 7799 9446
253 1802 6947 9696
253 2100 7241 9104
253 2100 7324 9021
253 2244 6370 9831
253 2480 6246 9719
253 2501 6664 9280
253 2590 6575 9280
253 2590 7060 8795
253 2680 6195 9570
253 2786 7475 8184
253 2820 6328 9297
253 2965 6000 9480
253 2965 6200 9280
253 3182 5693 9570
253 3250 5476 9719
253 3250 6400 8795
253 3590 5575 9280
253 3744 5345 9356
253 3760 7116 7569
253 3886 6444 8115
253 3886 6719 7840
253 3925 5476 9044
253 4012 7203 7230
253 4054 5596 8795
253 4595 5320 8530
253 4629 6088 7728
253 4629 6575 7241
253 5170 5476 7799
253 5170 5800 7475
253 5170 5847 7428
253 5170 6328 6947
253 5320 5801 7324
253 5320 5895 7230
253 5345 5672 7428
253 5398 6328 6719
253 5693 6088 6664
253 5800 5895 6750
253 5801 6200 6444
253 5801 6246 6398
253 5822 6048 6575
253 5847 6200 6398
320 328 8946 9104
320 1375 7203 9800
320 1582 7324 9472
320 1782 7116 9480
320 1906 7116 9356
320 1906 7428 9044
320 2320 6612 9446
320 2480 6328 9570
320 2786 7712 7880
320 2820 6612 8946
320 2916 6246 9216
320 3182 5398 9798
320 3200 5822 9356
320 3332 5345 9701
320 3332 5476 9570
320 3490 5672 9216
320 3512 5170 9696
320 3512 5822 9044
320 3590 6000 8788
320 3590 7060 7728
320 3632 5800 8946
320 3632 6947 7799
320 3760 5672 8946
320 3760 6088 8530
320 3886 6612 7880
320 4012 5345 9021
320 4012 6048 8318
320 4054 6444 7880
320 4054 6612 7712
320 4464 5596 8318
320 5060 6088 7230
320 5440 5822 7116
320 5476 5672 7230
328 380 8946 9044
328 485 8087 9798
328 485 8184 9701
328 939 7712 9719
328 1200 8530 8640
328 1782 7116 9472
328 1906 6664 9800
328 1964 6575 9831
328 2000 7840 8530
328 2100 7324 8946
328 2100 7475 8795
328 2244 6328 9798
328 2320 7410 8640
328 2480 6444 9446
328 2600 6200 9570
328 3182 6400 8788
328 3250 5320 9800
328 3332 5822 9216
328 3332 6398 8640
328 3512 5060 9798
328 3512 6328 8530
328 3760 5822 8788
328 3886 5440 9044
328 3925 4965 9480
328 4137 6664 7569
328 4290 5440 8640
328 4290 6200 7880
328 4595 5895 7880
328 4965 5693 7712
328 5170 5320 7880
328 5320 5575 7475
328 5320 5847 7203
328 5345 5822 7203
328 5575 6195 6600
328 5672 6328 6370
328 5800 6200 6370
328 5847 6195 6328
336 380 8184 9798
336 1098 7784 9480
336 1098 8318 8946
336 1964 6600 9798
336 2042 6750 9570
336 2100 7241 9021
336 2418 6664 9280
336 2916 6000 9446
336 3112 7410 7840
336 3490 5575 9297
336 3512 7051 7799
336 3590 7044 7728
336 3590 7060 7712
336 3590 7203 7569
336 3632 6200 8530
336 3744 5672 8946
336 3744 6088 8530
336 3925 4965 9472
336 4137 6750 7475
336 4208 6370 7784
336 5320 5801 7241
336 5345 5693 7324
336 5575 6343 6444
336 5672 6246 6444
380 1802 7044 9472
380 1802 7728 8788
380 1906 6612 9800
380 2042 6575 9701
380 2042 7060 9216
380 2320 6200 9798
380 2320 7203 8795
380 2590 7410 8318
380 2600 6246 9472
380 2872 6000 9446
380 2965 7569 7784
380 3182 5440 9696
380 3200 5320 9798
380 3200 5672 9446
380 3250 5596 9472
380 3250 6750 8318
380 3490 7044 7784
380 3490 7116 7712
380 3512 6719 8087
380 3590 6088 8640
380 3744 4774 9800
380 3888 6246 8184
380 3888 6343 8087
380 3925 4595 9798
380 4054 4464 9800
380 4054 5476 8788
380 4137 4965 9216
380 4137 6612 7569
380 4208 6398 7712
380 4290 6600 7428
380 4464 6444 7410
380 5170 6088 7060
380 5170 6398 6750
380 5320 6398 6600
380 5345 6398 6575
380 5398 5596 7324
380 5476 5895 6947
380 5476 6398 6444
380 5575 6143 6600
380 5575 6343 6400
380 5672 6246 6400
380 5847 6143 6328
485 1782 6600 9831
485 1782 7410 9021
485 1906 7203 9104
485 2320 6947 8946
485 2480 7203 8530
485 2590 6143 9480
485 2590 6343 9280
485 2786 5596 9831
485 2872 5895 9446
485 2916 5596 9701
485 2916 6000 9297
485 2916 7569 7728
485 3512 5345 9356
485 3547 4965 9701
485 3886 6143 8184
485 3888 4629 9696
485 3925 6719 7569
485 4290 6195 7728
485 4595 6143 7475
485 4629 5800 7784
485 4629 6343 7241
485 5320 6143 6750
485 5345 5440 7428
485 5476 5693 7044
485 5672 5822 6719
485 5672 6143 6398
485 5693 5801 6719
485 5800 5801 6612
485 5822 6048 6343
495 793 7840 9570
495 939 7784 9480
495 939 8318 8946
495 1200 7203 9800
495 1375 7784 9044
495 1489 8184 8530
495 1582 7051 9570
495 1582 7324 9297
495 1782 7475 8946
495 2355 6048 9800
495 2355 7060 8788
495 2680 5822 9701
495 2786 5847 9570
495 2965 5440 9798
495 3182 5320 9701
495 3182 5575 9446
495 3182 6000 9021
495 3250 7241 7712
495 3332 5170 9701
495 3547 5440 9216
495 3590 7044 7569
495 3590 7203 7410
495 3760 6328 8115
495 3888 6200 8115
495 3925 6398 7880
495 4012 5170 9021
495 4965 5398 7840
495 5345 6246 6612
495 5398 5575 7230
545 793 7880 9480
545 1375 6947 9831
545 1375 7230 9548
545 1489 7116 9548
545 1906 7203 9044
545 2244 6612 9297
545 2355 6000 9798
545 2418 6947 8788
545 2786 5895 9472
545 2872 5801 9480
545 2872 7569 7712
545 2965 6400 8788
545 3112 5345 9696
545 3112 6246 8795
545 3200 7241 7712
545 3250 6719 8184
545 3250 7428 7475
545 3332 5800 9021
545 3632 5575 8946
545 3760 4595 9798
545 3925 5440 8788
545 3925 6444 7784
545 4595 6328 7230
545 4629 6200 7324
545 4774 6328 7051
545 4965 5476 7712
545 5060 6343 6750
545 5345 5398 7410
545 5398 6143 6612
545 5440 6343 6370
545 5693 6195 6265
545 5800 6088 6265
793 1489 7060 9356
793 1782 6575 9548
793 1906 6719 9280
793 1964 6143 9798
793 2480 7241 8184
793 2501 6048 9356
793 2590 5596 9719
793 2590 7475 7840
793 2786 5822 9297
793 2965 7060 7880
793 3112 5847 8946
793 3200 7230 7475
793 3490 6328 8087
793 3490 6575 7840
793 3512 4595 9798
793 3590 6200 8115
793 3760 6265 7880
793 3925 6750 7230
793 4012 5575 8318
793 4137 6444 7324
793 4208 6750 6947
793 4464 6200 7241
793 4629 5801 7475
793 4629 6612 6664
793 4965 5060 7880
793 4965 6328 6612
793 5060 5801 7044
793 5398 5895 6612
793 5440 5801 6664
793 5440 6200 6265
939 1200 7203 9356
939 1489 7324 8946
939 1489 7475 8795
939 2100 7475 8184
939 2244 7428 8087
939 2320 7324 8115
939 2355 6048 9356
939 2418 5895 9446
939 2600 5440 9719
939 2600 7044 8115
939 2786 5693 9280
939 2820 5895 9044
939 2916 5822 9021
939 2916 6048 8795
939 2916 7044 7799
939 3200 6444 8115
939 3200 6719 7840
939 3332 4629 9798
939 3512 7044 7203
939 3590 6370 7799
939 3590 6600 7569
939 3632 6328 7799
939 3632 6343 7784
939 3760 6200 7799
939 3886 6398 7475
939 3888 6143 7728
939 3925 6265 7569
939 4290 6719 6750
939 4595 6048 7116
939 4774 5575 7410
939 4965 5847 6947
939 5170 6246 6343
939 5476 6088 6195
939 5672 5822 6265
939 5693 5801 6265
1098 1200 6600 9800
1098 1200 7044 9356
1098 1582 7230 8788
1098 1802 6000 9798
1098 1964 6088 9548
1098 2000 5800 9800
1098 2042 6612 8946
1098 2244 6000 9356
1098 2244 7241 8115
1098 2320 5800 9480
1098 2320 6000 9280
1098 2320 6750 8530
1098 2480 5320 9800
1098 2501 5398 9701
1098 2590 5440 9570
1098 2590 6370 8640
1098 2680 5440 9480
1098 2872 6088 8640
1098 2916 4965 9719
1098 2965 5847 8788
1098 3112 5693 8795
1098 3112 7060 7428
1098 3490 6398 7712
1098 3512 4290 9798
1098 3590 5895 8115
1098 3590 6600 7410
1098 3632 4137 9831
1098 3632 6088 7880
1098 3744 4137 9719
1098 3744 5672 8184
1098 3760 6000 7840
1098 3888 6000 7712
1098 3888 6143 7569
1098 3925 6200 7475
1098 3925 6265 7410
1098 4054 6343 7203
1098 4464 5895 7241
1098 4774 5398 7428
1098 4774 5596 7230
1098 4965 5575 7060
1098 4965 6265 6370
1098 5440 5895 6265
1200 1375 6575 9548
1200 1582 6444 9472
1200 1782 6612 9104
1200 1802 6000 9696
1200 1802 6750 8946
1200 1906 7712 7880
1200 1964 6088 9446
1200 2320 5822 9356
1200 2355 5345 9798
1200 2418 5800 9280
1200 2501 7428 7569
1200 2820 5398 9280
1200 2820 7203 7475
1200 2916 6398 8184
1200 3112 5170 9216
1200 3112 5440 8946
1200 3490 4208 9800
1200 3512 4290 9696
1200 3512 4965 9021
1200 3547 4595 9356
1200 3632 6750 7116
1200 3760 6328 7410
1200 3888 6200 7410
1200 3925 5693 7880
1200 3925 6343 7230
1200 3925 6370 7203
1200 4012 6370 7116
1200 4054 6328 7116
1200 4054 6400 7044
1200 4208 6246 7044
1200 4208 6343 6947
1200 4464 6370 6664
1200 4595 6328 6575
1200 5170 6000 6328
1200 5476 5822 6200
1375 1582 6444 9297
1375 1782 5822 9719
1375 1802 6575 8946
1375 1802 7203 8318
1375 1906 5847 9570
1375 1964 6143 9216
1375 1964 6719 8640
1375 2042 5801 9480
1375 2042 7569 7712
1375 2355 5170 9798
1375 2355 5398 9570
1375 2355 6328 8640
1375 2418 5801 9104
1375 2418 6265 8640
1375 2480 5822 9021
1375 2480 6048 8795
1375 2480 7044 7799
1375 2501 5801 9021
1375 2820 6719 7784
1375 3332 4290 9701
1375 3332 6750 7241
1375 3332 6947 7044
1375 3490 4137 9696
1375 3512 4595 9216
1375 3547 6048 7728
1375 3590 4629 9104
1375 3632 6575 7116
1375 3760 5476 8087
1375 3760 6088 7475
1375 3888 5320 8115
1375 3925 6195 7203
1375 4012 4290 9021
1375 4012 6195 7116
1375 4054 4629 8640
1375 4464 5060 7799
1375 4464 6195 6664
1375 4595 6328 6400
1375 5476 5847 6000
1489 1782 5596 9831
1489 1802 6612 8795
1489 2000 7410 7799
1489 2100 6088 9021
1489 2320 5170 9719
1489 2418 5345 9446
1489 2418 5575 9216
1489 2590 5575 9044
1489 2820 5345 9044
1489 3200 4290 9719
1489 3200 4965 9044
1489 3332 5693 8184
1489 3490 3888 9831
1489 3512 6750 6947
1489 3547 5575 8087
1489 3547 5822 7840
1489 3590 6575 7044
1489 3760 6246 7203
1489 3760 6398 7051
1489 3886 5895 7428
1489 4012 5398 7799
1489 4290 6200 6719
1489 4595 4774 7840
1489 4595 5895 6719
1489 4629 5170 7410
1489 4965 5800 6444
1489 5170 5320 6719
1489 5320 5801 6088
1582 1964 5672 9480
1582 1964 6048 9104
1582 2000 6328 8788
1582 2100 5320 9696
1582 2100 5800 9216
1582 2244 5575 9297
1582 2320 4965 9831
1582 2320 5440 9356
1582 2320 6612 8184
1582 2355 5060 9701
1582 2590 5170 9356
1582 2590 7051 7475
1582 2590 7116 7410
1582 2600 6947 7569
1582 2786 4629 9701
1582 2786 5800 8530
1582 2820 4595 9701
1582 3182 5847 8087
1582 3200 5801 8115
1582 3250 6750 7116
1582 3332 6000 7784
1582 3490 3925 9701
1582 3490 6575 7051
1582 3547 4774 8795
1582 3547 6000 7569
1582 3547 6328 7241
1582 3590 4054 9472
1582 3632 4012 9472
1582 3744 6048 7324
1582 3744 6328 7044
1582 3760 5476 7880
1582 3886 6000 7230
1582 3888 4012 9216
1582 3888 5800 7428
1582 4012 4464 8640
1582 4012 5320 7784
1582 4054 6343 6719
1582 4054 6398 6664
1582 4290 5398 7428
1582 4290 5596 7230
1582 5320 5398 6398
1582 5320 5596 6200
1582 5398 5575 6143
1582 5440 5476 6200
1782 1906 5440 9570
1782 1906 6370 8640
1782 1964 5596 9356
1782 1964 5672 9280
1782 2000 5895 9021
1782 2320 5575 9021
1782 2320 5801 8795
1782 2355 5345 9216
1782 2501 6328 8087
1782 2501 6575 7840
1782 2680 5596 8640
1782 2786 4774 9356
1782 2965 4595 9356
1782 3200 5398 8318
1782 3200 6600 7116
1782 3250 6719 6947
1782 3332 3888 9696
1782 3332 5800 7784
1782 3332 6343 7241
1782 3547 5800 7569
1782 3886 5800 7230
1782 4012 5476 7428
1782 4054 6143 6719
1782 4137 4595 8184
1782 4290 5575 7051
1782 5320 5596 6000
1782 5440 5476 6000
1802 1906 5693 9297
1802 1906 6195 8795
1802 2100 4965 9831
1802 2100 5440 9356
1802 2100 6612 8184
1802 2418 6750 7728
1802 2480 5060 9356
1802 2501 4595 9800
1802 2600 4595 9701
1802 2786 6398 7712
1802 2916 6750 7230
1802 3112 6000 7784
1802 3250 4290 9356
1802 3250 5847 7799
1802 3332 4208 9356
1802 3512 5672 7712
1802 3512 6143 7241
1802 3590 6246 7060
1802 3632 6600 6664
1802 3744 5440 7712
1802 3760 5895 7241
1802 3886 5170 7840
1802 3886 6398 6612
1802 4054 5895 6947
1802 4054 6398 6444
1802 4208 6088 6600
1802 4595 5060 7241
1802 4629 5320 6947
1802 5060 5693 6143
1802 5170 5398 6328
1906 1964 7044 7784
1906 1964 7116 7712
1906 2000 5320 9472
1906 2100 5476 9216
1906 2320 7044 7428
1906 2355 4965 9472
1906 2418 6575 7799
1906 2480 5672 8640
1906 2480 6600 7712
1906 2501 4595 9696
1906 2501 5345 8946
1906 2590 5672 8530
1906 2680 6328 7784
1906 2680 6400 7712
1906 2786 4208 9798
1906 2786 5060 8946
1906 2786 5476 8530
1906 2786 5822 8184
1906 3112 4208 9472
1906 3112 4464 9216
1906 3112 5800 7880
1906 3182 6200 7410
1906 3250 3744 9798
1906 3332 5345 8115
1906 3332 6400 7060
1906 3512 5440 7840
1906 3590 3632 9570
1906 3632 5320 7840
1906 3744 5320 7728
1906 3760 5320 7712
1906 3888 5476 7428
1906 4054 4208 8530
1906 4290 4774 7728
1906 4464 6000 6328
1906 5170 5800 5822
1906 5320 5672 5800
1964 2000 7324 7410
1964 2042 5476 9216
1964 2355 6195 8184
1964 2480 4774 9480
1964 2480 7051 7203
1964 2501 6664 7569
1964 2590 6575 7569
1964 2680 4774 9280
1964 2820 5596 8318
1964 2916 4774 9044
1964 2916 6343 7475
1964 2965 6200 7569
1964 3182 5672 7880
1964 3200 4054 9480
1964 3200 5822 7712
1964 3250 4012 9472
1964 3490 3888 9356
1964 3490 5060 8184
1964 3490 6200 7044
1964 3512 3925 9297
1964 3547 6143 7044
1964 3547 6575 6612
1964 3590 5345 7799
1964 3590 5575 7569
1964 3632 3886 9216
1964 3744 3886 9104
1964 3886 4208 8640
1964 3888 6246 6600
1964 3925 5693 7116
1964 4012 5398 7324
1964 4137 5847 6750
1964 4290 6000 6444
1964 5170 5476 6088
2000 2042 5440 9216
2000 2244 7044 7410
2000 2418 6400 7880
2000 2501 6398 7799
2000 2590 5320 8788
2000 2600 6370 7728
2000 2786 6200 7712
2000 2786 6343 7569
2000 2820 4774 9104
2000 2872 6398 7428
2000 2965 4629 9104
2000 3182 6088 7428
2000 3182 6400 7116
2000 3200 6088 7410
2000 3332 3886 9480
2000 3490 3512 9696
2000 3590 6048 7060
2000 3590 6444 6664
2000 3744 5170 7784
2000 3760 5822 7116
2000 3886 6200 6612
2000 3925 5345 7428
2000 4054 5320 7324
2000 4054 6200 6444
2000 4054 6246 6398
2000 4137 5320 7241
2000 4290 6143 6265
2000 4774 5596 6328
2000 5170 5440 6088
2042 2355 7060 7241
2042 2418 6398 7840
2042 2480 7060 7116
2042 2600 6328 7728
2042 2872 6000 7784
2042 2916 6265 7475
2042 2965 6575 7116
2042 3112 3744 9800
2042 3200 3760 9696
2042 3200 3886 9570
2042 3200 5672 7784
2042 3332 5596 7728
2042 3332 6000 7324
2042 3490 3886 9280
2042 3512 5345 7799
2042 3512 5575 7569
2042 3632 3744 9280
2042 3632 5596 7428
2042 3760 5693 7203
2042 3886 6195 6575
2042 3886 6370 6400
2042 3888 6370 6398
2042 4012 5320 7324
2042 4012 6200 6444
2042 4012 6246 6398
2042 4137 5800 6719
2042 4208 6048 6400
2042 4464 5822 6370
2042 5060 5596 6000
2042 5170 5398 6088
2100 2320 6398 7880
2100 2355 6444 7799
2100 2480 5800 8318
2100 2590 4208 9800
2100 2600 6947 7051
2100 2786 4012 9800
2100 2820 4208 9570
2100 2820 6575 7203
2100 3112 6370 7116
2100 3182 5847 7569
2100 3200 6195 7203
2100 3332 3547 9719
2100 3490 6048 7060
2100 3490 6444 6664
2100 3547 6000 7051
2100 3760 6088 6750
2100 3886 5596 7116
2100 3886 6048 6664
2100 3888 4595 8115
2100 4012 5345 7241
2100 4137 5345 7116
2244 2480 6246 7728
2244 2501 6750 7203
2244 2600 4054 9800
2244 2600 6444 7410
2244 2872 3886 9696
2244 2872 4012 9570
2244 2872 5398 8184
2244 3250 5476 7728
2244 3250 6088 7116
2244 3547 3886 9021
2244 3547 5847 7060
2244 3590 3760 9104
2244 3590 6200 6664
2244 3744 4595 8115
2244 3760 4054 8640
2244 3888 5847 6719
2244 4012 5398 7044
2244 4054 5170 7230
2244 4054 5800 6600
2244 4054 6000 6400
2244 4208 6000 6246
2244 4290 4595 7569
2244 4464 5847 6143
2244 4595 4629 7230
2244 4629 4774 7051
2320 2355 6143 7880
2320 2418 5320 8640
2320 2418 6719 7241
2320 2501 5693 8184
2320 2600 4208 9570
2320 2600 6575 7203
2320 2820 3760 9798
2320 2820 6328 7230
2320 2872 4290 9216
2320 2872 6265 7241
2320 3112 3547 9719
2320 3512 5822 7044
2320 3590 3744 9044
2320 3590 5060 7728
2320 3590 5672 7116
2320 3886 6048 6444
2320 4208 4290 7880
2320 4208 5800 6370
2320 4290 5476 6612
2320 4290 6000 6088
2320 4595 5440 6343
2355 2501 6612 7230
2355 2590 4965 8788
2355 2590 6343 7410
2355 2680 5345 8318
2355 2680 6612 7051
2355 2820 6048 7475
2355 2872 5672 7799
2355 2965 3547 9831
2355 2965 5060 8318
2355 3112 3512 9719
2355 3250 6343 6750
2355 3332 5895 7116
2355 3590 5693 7060
2355 3888 3925 8530
2355 3888 4137 8318
2355 3925 6048 6370
2355 4054 4965 7324
2355 4137 4965 7241
2418 2480 6088 7712
2418 2501 6719 7060
2418 2590 5575 8115
2418 2600 4208 9472
2418 2600 4464 9216
2418 2600 5800 7880
2418 2680 5801 7799
2418 2680 6370 7230
2418 2820 5345 8115
2418 2820 6400 7060
2418 3112 3888 9280
2418 3112 5440 7728
2418 3112 5693 7475
2418 3182 4054 9044
2418 3182 5895 7203
2418 3200 4965 8115
2418 3250 5800 7230
2418 3512 6370 6398
2418 3590 3744 8946
2418 3590 6246 6444
2418 3632 4464 8184
2418 3632 6048 6600
2418 3744 5476 7060
2418 3760 5476 7044
2418 3760 5801 6719
2418 3886 4595 7799
2418 3888 4208 8184
2418 4012 5693 6575
2418 4054 5476 6750
2418 4137 5800 6343
2418 4137 6000 6143
2418 4208 5672 6400
2418 4290 5847 6143
2418 5060 5398 5822
2480 2501 3886 9831
2480 2590 6200 7428
2480 2590 6398 7230
2480 2600 6143 7475
2480 2786 3632 9800
2480 2786 5345 8087
2480 2820 6195 7203
2480 2872 6143 7203
2480 3182 3590 9446
2480 3332 5476 7410
2480 3490 3512 9216
2480 3490 6328 6400
2480 3512 3760 8946
2480 3512 5476 7230
2480 3547 6328 6343
2480 3590 5398 7230
2480 3632 5345 7241
2480 3744 4290 8184
2480 3760 5398 7060
2480 3760 6088 6370
2480 3888 4012 8318
2480 3925 5693 6600
2480 3925 5895 6398
2480 4012 4965 7241
2480 4054 4595 7569
2480 4137 4965 7116
2480 4208 5398 6612
2480 4595 5575 6048
2480 4595 5801 5822
2501 2590 3888 9719
2501 2590 5895 7712
2501 2872 6265 7060
2501 2872 6575 6750
2501 2916 3925 9356
2501 2965 3760 9472
2501 2965 5822 7410
2501 3112 4290 8795
2501 3182 6265 6750
2501 3250 4629 8318
2501 3250 6000 6947
2501 3332 6265 6600
2501 3632 3925 8640
2501 3632 6195 6370
2501 3925 5672 6600
2501 4054 5800 6343
2501 4054 6000 6143
2501 4629 5170 6398
2590 2600 4464 9044
2590 2680 6000 7428
2590 2786 5847 7475
2590 2820 3490 9798
2590 2872 4290 8946
2590 3112 4208 8788
2590 3112 5672 7324
2590 3112 6246 6750
2590 3250 6246 6612
2590 3547 5320 7241
2590 3744 5320 7044
2590 3886 5822 6400
2590 3888 5822 6398
2590 4290 4774 7044
2590 4464 5398 6246
2590 4464 5596 6048
2590 4595 5170 6343
2600 2786 3512 9800
2600 2786 4208 9104
2600 2820 5398 7880
2600 2820 6048 7230
2600 2916 5398 7784
2600 3182 5800 7116
2600 3200 5170 7728
2600 3200 5847 7051
2600 3250 3632 9216
2600 3250 3744 9104
2600 3250 4208 8640
2600 3490 4290 8318
2600 3490 6265 6343
2600 3512 5345 7241
2600 3547 4464 8087
2600 3547 5801 6750
2600 3760 6143 6195
2600 4208 4774 7116
2600 4965 5440 5693
2600 5060 5345 5693
2680 2786 3760 9472
2680 2786 5822 7410
2680 2872 5822 7324
2680 2916 3886 9216
2680 3250 6370 6398
2680 3490 3888 8640
2680 3490 6200 6328
2680 3547 6143 6328
2680 3590 4629 7799
2680 3888 4290 7840
2680 3925 5693 6400
2680 3925 5847 6246
2680 4208 5060 6750
2680 4208 5440 6370
2786 2820 4774 8318
2786 2820 6048 7044
2786 2872 3760 9280
2786 2916 4208 8788
2786 2916 5672 7324
2786 2916 6246 6750
2786 2965 4629 8318
2786 2965 6000 6947
2786 3112 4012 8788
2786 3112 5476 7324
2786 3112 6200 6600
2786 3182 3250 9480
2786 3182 5320 7410
2786 3200 5596 7116
2786 3200 6048 6664
2786 3332 5170 7410
2786 3490 5672 6750
2786 3490 5822 6600
2786 3490 5847 6575
2786 3512 3760 8640
2786 3512 5170 7230
2786 3512 5800 6600
2786 3512 6000 6400
2786 3744 4965 7203
2786 4137 5575 6200
2786 4290 5800 5822
2820 2872 5596 7410
2820 2916 3490 9472
2820 2965 4595 8318
2820 2965 5672 7241
2820 3182 3250 9446
2820 3250 5398 7230
2820 3590 6088 6200
2820 3632 6000 6246
2820 3886 4208 7784
2820 3888 5847 6143
2820 3925 4629 7324
2820 4137 5398 6343
2820 4137 5476 6265
2820 4137 5693 6048
2820 4290 5693 5895
2872 2916 3112 9798
2872 2916 6246 6664
2872 2965 4774 8087
2872 2965 5801 7060
2872 3182 5320 7324
2872 3182 6200 6444
2872 3182 6246 6398
2872 3200 5575 7051
2872 3332 5170 7324
2872 3490 5672 6664
2872 3760 5801 6265
2872 4137 4629 7060
2872 4965 5060 5801
2872 5060 5170 5596
2916 3112 5440 7230
2916 3182 6000 6600
2916 3182 6200 6400
2916 3250 3744 8788
2916 3250 6088 6444
2916 3490 5345 6947
2916 3590 4464 7728
2916 3590 5822 6370
2916 3632 5575 6575
2916 3632 5822 6328
2916 3744 5895 6143
2916 3760 5822 6200
2916 3888 4054 7840
2916 4012 5170 6600
2916 4012 5575 6195
2965 3182 4464 8087
2965 3182 5801 6750
2965 3200 3512 9021
2965 3332 5801 6600
2965 3490 3925 8318
2965 3490 6048 6195
2965 3512 5170 7051
2965 3590 5800 6343
2965 3590 6000 6143
2965 3760 3886 8087
2965 3760 5398 6575
2965 3760 5575 6398
2965 3886 5847 6000
2965 4012 4774 6947
2965 4137 5596 6000
2965 4290 5596 5847
3112 3250 5672 6664
3112 3512 4290 7784
3112 3547 4629 7410
3112 3547 5320 6719
3112 3590 5596 6400
3112 3590 5801 6195
3112 3744 5398 6444
3112 3744 5596 6246
3112 3886 4290 7410
3112 4054 4208 7324
3112 4137 4208 7241
3112 4774 4965 5847
3182 3250 5822 6444
3182 3332 4774 7410
3182 3512 4774 7230
3182 3632 5440 6444
3182 3925 5345 6246
3182 4012 5060 6444
3182 4137 4629 6750
3182 4208 4965 6343
3200 3250 4464 7784
3200 3250 6048 6200
3200 3886 4137 7475
3200 3888 5345 6265
3200 4012 5398 6088
3250 3332 5672 6444
3250 3490 5693 6265
3250 3512 4137 7799
3250 3512 4208 7728
3250 3760 5345 6343
3250 4208 5345 5895
3250 4208 5440 5800
3332 3490 5476 6400
3332 3547 5476 6343
3332 3744 5800 5822
3332 4137 4629 6600
3332 4290 4464 6612
3490 3512 5801 5895
3490 3590 4208 7410
3490 3632 4629 6947
3490 3744 4054 7410
3490 3888 5320 6000
3512 3547 4595 7044
3512 3590 5596 6000
3512 3888 5476 5822
3512 4012 4774 6400
3547 3632 5672 5847
3547 4290 5060 5801
3590 3632 5476 6000
3590 3760 4629 6719
3590 3888 5398 5822
3590 3925 4464 6719
3590 4137 5170 5801
3632 3760 5060 6246
3744 3925 4629 6400
3744 4290 4464 6200
3744 4464 4595 5895
3744 4464 5170 5320
3760 3925 4965 6048
3760 3925 5320 5693
3886 3925 4137 6750
4012 4290 4595 5801
4290 4464 4774 5170
