44 7393 7405 9490
49 6273 8978 9032
49 7405 7900 8978
49 7455 8224 8604
49 7500 7650 9133
125 6559 8430 9218
125 6707 7875 9625
125 6765 8224 9218
145 7000 7875 9312
204 7500 7650 8978
270 6146 8604 9312
270 6620 8224 9218
298 7000 8430 8604
532 5600 9067 9133
532 6707 7875 9218
661 6146 7900 9625
661 6376 7670 9625
661 6620 7875 9176
821 6146 7875 9490
972 5110 8760 9490
972 5110 9032 9218
972 6376 8224 8760
1106 6146 7455 9625
1106 6688 7405 9133
1153 4800 9067 9312
1153 6146 7900 9133
1153 6376 7670 9133
1153 6554 7000 9625
1153 6707 7405 9067
1153 7455 7500 8224
1170 5360 8490 9312
1329 5110 8760 9133
1329 6273 7670 9060
1329 6620 7405 8978
1360 5230 8430 9312
1360 5697 7650 9625
1360 6146 7650 9176
1638 5158 8224 9312
1638 5600 8490 8604
1638 6190 7900 8604
1638 6554 7650 8490
1716 4366 8760 9490
1716 4366 9032 9218
1716 4544 8760 9312
1716 5360 8224 9032
1716 5886 7670 9060
1716 5956 7900 8760
2060 3715 9067 9490
2060 4072 9067 9133
2060 5230 8064 8978
2099 4141 9032 9060
2099 4544 8064 9625
2099 5600 7500 9133
2099 6100 7000 9133
2099 6554 7455 8224
2099 6688 7670 7875
2295 3841 8978 9218
2295 4366 8604 9067
2295 4995 8064 8978
2295 5142 7405 9490
2295 5600 7405 9032
2295 6707 7455 7875
2368 6100 6688 9176
2368 6190 6707 9067
2453 3841 8978 9060
2453 4141 8760 8978
2453 5142 7670 9067
2453 6559 7650 7670
2476 4366 8430 9060
2476 5142 8224 8490
2476 6190 6688 8978
2589 4072 8604 9067
2589 5110 7500 9133
2589 5360 7405 8978
2589 6688 7405 7650
2592 5600 7650 8490
2592 6146 6376 9218
2592 6190 7650 7900
2592 6273 6707 8760
2690 4152 8430 9060
2690 5110 7500 9032
2690 5697 7455 8490
2690 6273 6765 8604
2757 5110 7405 9060
2757 5142 7455 8978
2757 5360 7455 8760
2757 5956 6559 9060
2757 6620 7455 7500
2826 4141 7875 9490
2826 4366 7650 9490
2826 4544 7650 9312
2826 5600 6688 9218
2826 5956 7650 7900
2826 6100 6273 9133
2868 3672 8760 9032
2868 3841 8490 9133
2868 4544 8430 8490
2868 5360 7500 8604
2868 5600 6688 9176
2868 5697 6707 9060
2868 6100 6146 9218
2868 6559 7405 7500
3135 3672 7900 9625
3135 4072 7500 9625
3135 5886 6707 8604
3136 3699 8430 9067
3136 4072 8064 9060
3136 4536 7900 8760
3136 6146 6620 8430
3672 3715 7455 9490
3672 3958 7670 9032
3672 4072 7455 9133
3672 4536 7900 8224
3672 5110 7650 7900
3672 5128 6554 8978
3672 5158 6190 9312
3672 5230 7000 8430
3672 5956 6100 8604
3699 5142 6273 9218
3699 5600 6273 8760
3715 4152 7405 9060
3715 5360 6190 9067
3841 5158 6273 9060
3841 5697 6190 8604
3958 4536 6620 9218
4072 4260 6688 9312
4072 4366 7670 8224
4072 4536 7500 8224
4072 5110 7500 7650
4072 5128 5956 9176
4072 5128 6100 9032
4072 5142 6688 8430
4072 5360 7000 7900
4072 5697 6688 7875
4140 4260 6620 9312
4140 4995 6707 8490
4140 5128 7000 8064
4140 5142 6620 8430
4140 5697 6620 7875
4140 6146 6376 7670
4141 4366 6765 9060
4141 5128 7393 7670
4141 5142 6559 8490
4141 5158 6273 8760
4152 4544 6146 9490
4152 4800 6620 8760
4152 5230 6190 8760
4152 5956 6554 7670
4366 4536 7000 8430
4536 5956 6190 7650
4544 4800 5956 9032
4544 5128 5600 9060
4544 5142 5886 8760
4544 5600 6688 7500
4544 6100 6688 7000
4800 5886 6146 7500
4995 5128 5142 9067
4995 5128 6559 7650
4995 6273 6376 6688
5110 5956 6559 6707
5128 5158 6146 7900
5128 5158 6376 7670
5142 5697 6100 7393
5230 5956 6146 7000
5697 5886 6190 6559
