269 9525 9735 9920
300 9525 9728 9896
330 9500 9699 9920
541 9460 9552 9896
929 8704 9896 9920
929 9093 9699 9728
929 9135 9525 9860
983 9032 9699 9735
990 8864 9699 9896
990 8864 9735 9860
990 9032 9699 9728
1052 9372 9500 9525
1100 8964 9525 9860
1122 8855 9552 9920
1122 8864 9728 9735
1164 8864 9525 9896
1164 9032 9525 9728
1339 8683 9699 9728
1456 8608 9525 9860
1478 8316 9735 9920
1478 8376 9699 9896
1478 8376 9735 9860
1478 8776 9460 9735
1478 8864 9372 9735
1502 8316 9735 9896
1502 8892 9135 9920
1554 8276 9699 9920
1554 8336 9699 9860
1554 8608 9552 9735
1554 8864 9135 9896
1554 9032 9135 9728
1560 8864 9500 9525
1574 8316 9699 9860
1600 8194 9735 9920
1600 8864 9460 9525
1724 8855 9135 9735
1974 7856 9699 9920
1974 8276 9500 9699
1974 8316 9460 9699
1974 8683 9093 9699
1974 8776 8964 9735
1974 8855 8892 9728
2024 8165 9525 9735
2024 8400 9500 9525
2032 8032 9525 9860
2032 8317 9372 9728
2032 8721 8776 9920
2032 8864 9093 9460
2050 7978 9525 9896
2050 8892 9135 9372
2178 8194 9525 9552
2178 8276 9135 9860
2178 8286 9460 9525
2178 8584 9135 9552
2178 8608 8964 9699
2178 8855 8864 9552
2238 7592 9699 9920
2238 8584 8892 9735
2238 8608 8683 9920
2238 8704 9135 9372
2248 8317 8964 9920
2248 8584 8721 9896
2248 8608 9093 9500
2280 8704 9093 9372
2296 8704 8721 9728
2303 8194 9032 9920
2303 8276 9135 9735
2303 8286 8964 9896
2304 7760 9525 9860
2304 8074 9372 9699
2304 8317 9093 9735
2304 8634 8776 9735
2304 8721 8964 9460
2408 8317 8864 9860
2408 8400 8721 9920
2408 8424 8721 9896
2408 8634 8855 9552
2420 8384 9093 9552
2553 7080 9896 9920
2553 8165 9032 9699
2553 8276 8892 9728
2553 8317 8683 9896
2590 8276 8855 9728
2590 8316 8683 9860
2590 8384 8776 9699
2600 8074 8855 9920
2600 8286 8864 9699
2600 8317 9032 9500
2600 8384 9093 9372
2600 8400 8721 9728
2600 8864 8892 9093
2680 8400 8634 9735
2702 7320 9699 9728
2702 7427 9460 9860
2702 7716 9135 9896
2702 8032 8855 9860
2702 8194 9093 9460
2702 8336 8683 9728
2753 7665 9135 9896
2753 7736 9460 9500
2753 8276 8721 9699
2753 8316 8855 9525
2753 8376 8400 9920
2753 8376 8424 9896
2753 8384 8584 9728
2808 6825 9896 9920
2808 7978 8964 9699
2808 8286 8855 9500
2808 8317 8864 9460
2808 8584 8964 9093
2816 7736 9372 9525
2816 8165 8608 9860
2816 8194 8704 9735
2816 8634 8864 9135
2869 7132 9552 9896
2869 7288 9372 9920
2869 7312 9372 9896
2869 7320 9525 9735
2869 7856 8864 9860
2869 8276 8384 9920
2869 8316 8892 9372
2869 8336 8384 9860
2869 8376 8704 9500
2869 8584 8964 9032
2909 7180 9500 9860
2909 7280 9525 9735
2909 7312 9500 9728
2909 7716 8964 9860
2909 8276 8892 9372
2909 8336 8704 9500
2909 8376 8704 9460
2909 8721 8855 8964
2936 7560 9093 9860
2936 8074 8704 9735
2936 8194 8584 9735
2936 8276 8317 9920
2936 8286 8855 9372
2936 8317 8336 9860
2954 6876 9699 9920
2954 7110 9525 9860
2954 7667 9093 9735
2954 8194 8776 9525
2954 8336 8424 9735
2954 8336 8634 9525
2954 8376 8384 9735
2954 8584 8776 9135
2954 8608 8855 9032
2954 8776 8855 8864
2972 7665 8892 9920
2972 8074 8704 9699
2972 8165 8584 9728
2972 8194 8584 9699
2972 8317 8608 9552
2972 8384 8721 9372
2972 8608 8776 9093
2972 8721 8864 8892
3011 6966 9552 9920
3011 8074 8864 9500
3011 8165 8721 9552
3011 8194 8384 9860
3011 8286 8424 9728
3115 7102 9372 9860
3115 7110 9525 9699
3115 7716 9093 9525
3115 7755 8683 9896
3115 8074 8400 9860
3120 7736 9093 9500
3120 8165 8704 9460
3120 8194 8400 9735
3160 7665 8704 9920
3160 7736 9093 9460
3160 7800 8964 9525
3160 8704 8721 8864
3286 6876 9552 9735
3286 6964 9500 9699
3286 7132 9135 9896
3286 7560 8683 9920
3286 7760 8704 9699
3286 7856 8608 9699
3286 8276 8855 9032
3286 8683 8704 8776
3354 7110 9460 9525
3354 7167 9032 9896
3354 7320 8855 9920
3354 7615 8584 9896
3354 8074 8286 9735
3354 8194 8376 9525
3354 8276 8855 8964
3354 8376 8584 9135
3354 8376 8855 8864
3375 7019 9135 9920
3375 7667 8855 9552
3375 7755 8584 9735
3375 8165 8384 9525
3376 6317 9860 9896
3376 6966 9372 9735
3376 7084 9093 9896
3376 7800 8721 9552
3376 8074 8864 9135
3376 8276 8704 9093
3376 8317 8384 9372
3376 8317 8864 8892
3376 8584 8634 8855
3400 6825 9525 9699
3400 7560 8964 9525
3400 7667 8683 9699
3400 7716 8634 9699
3400 7978 8336 9735
3400 8074 8276 9699
3400 8165 8384 9500
3400 8165 8424 9460
3474 6555 9500 9920
3474 7288 9135 9552
3474 7312 8964 9699
3474 7856 8384 9735
3474 8074 8376 9525
3474 8286 8317 9372
3474 8400 8683 8892
3673 5960 9896 9920
3673 6523 9525 9728
3673 6745 9135 9896
3673 6964 8892 9920
3673 7080 8776 9920
3673 7084 8964 9728
3673 7104 8776 9896
3673 7312 8964 9500
3673 7320 8721 9735
3673 7665 8376 9735
3673 7667 8584 9525
3673 7755 8286 9735
3673 7760 8317 9699
3673 7800 8424 9552
3673 8276 8608 8892
3673 8317 8683 8776
3684 6317 9552 9896
3684 7102 8964 9699
3684 7856 8384 9525
3684 8276 8634 8855
3684 8317 8584 8864
3735 6555 9460 9699
3735 6851 9135 9728
3735 7615 8400 9699
3735 7615 8964 9135
3735 7978 8276 9460
3735 7978 8704 9032
3735 8074 8608 9032
3735 8074 8776 8864
3735 8376 8634 8704
3800 6825 8964 9860
3800 7280 8634 9735
3800 7592 8964 9093
3800 8074 8683 8892
3940 5854 9735 9920
3940 5890 9699 9920
3940 5950 9699 9860
3940 6966 8683 9860
3940 7102 8855 9552
3940 7280 8704 9525
3940 7288 8721 9500
3940 7560 8424 9525
3940 7665 8384 9460
3940 7667 8317 9525
3940 7736 8074 9699
3940 8032 8384 9093
3940 8317 8584 8608
3942 6400 9372 9735
3942 6555 9032 9920
3942 6964 8683 9860
3942 7104 8704 9699
3942 7280 8855 9372
3942 7615 8032 9860
3942 7665 8317 9525
3942 7755 7856 9896
3942 7760 8855 8892
3942 8276 8376 8855
3942 8316 8336 8855
3942 8400 8424 8683
3992 6472 9460 9525
3992 6876 8721 9860
3992 7102 8855 9500
3992 7280 8317 9860
3992 7615 8317 9525
3992 8032 8704 8721
3992 8165 8400 8892
3992 8276 8317 8864
3992 8286 8316 8855
3992 8336 8400 8721
4109 5584 9860 9896
4109 5960 9460 9920
4109 6060 9552 9728
4109 6240 9372 9728
4109 6412 9032 9896
4109 6745 9135 9460
4109 6851 8964 9525
4109 6876 8964 9500
4109 7012 8776 9552
4109 7080 8400 9860
4109 7084 8336 9920
4109 7084 8704 9552
4109 7104 8316 9920
4109 7104 8376 9860
4109 7104 8776 9460
4109 7104 8864 9372
4109 7132 8683 9525
4109 7180 8608 9552
4109 7288 8317 9735
4109 7592 8376 9372
4109 7665 7755 9920
4109 7755 8721 8864
4109 8032 8276 9032
4160 5730 9699 9860
4160 6672 8721 9896
4160 6825 8964 9500
4160 7180 8584 9525
4160 7755 8074 9460
4160 7800 8634 8855
4285 5730 9699 9735
4285 6240 9372 9552
4285 6412 8892 9860
4285 6472 8964 9728
4285 6523 8721 9920
4285 6672 9032 9460
4285 7012 8424 9728
4285 7080 8584 9500
4285 7110 8194 9860
4285 7216 8855 9093
4285 7280 8384 9500
4285 7280 8424 9460
4285 7288 8376 9500
4285 7320 8384 9460
4285 7592 8608 8964
4285 7665 7800 9699
4285 7667 8721 8776
4285 7716 8584 8864
4285 7755 8316 9093
4285 7760 8032 9372
4285 7760 8683 8721
4285 7800 8400 8964
4285 7856 8276 9032
4285 8165 8316 8683
4285 8194 8336 8634
4313 6412 8864 9860
4313 6555 8721 9860
4313 6672 8964 9500
4313 6876 8400 9860
4313 6964 8276 9896
4313 7084 8317 9735
4313 7132 8276 9728
4313 7180 8584 9372
4313 7280 8721 9135
4313 7280 8892 8964
4313 7320 8316 9500
4313 7560 7716 9860
4313 7560 8721 8855
4313 7665 7736 9735
4313 7665 8336 9135
4313 7667 8376 9093
4313 7755 7856 9525
4313 7856 8316 8964
4313 7978 8194 8964
4313 8032 8400 8704
4313 8074 8286 8776
4313 8336 8376 8424
4348 6317 8864 9920
4348 6511 8855 9735
4348 6825 8776 9500
4348 6966 8400 9735
4348 7080 8286 9735
4348 7102 8864 9135
4348 7167 8074 9860
4348 8317 8384 8400
4352 6265 9372 9460
4352 6745 8892 9460
4352 6825 8376 9896
4352 6851 8721 9525
4352 6876 8721 9500
4352 6964 8608 9525
4352 7012 8165 9920
4352 7280 8317 9500
4352 7288 8074 9735
4352 7320 8317 9460
4352 7560 8165 9372
4352 7665 8400 9032
4352 7716 7856 9525
4406 6511 9032 9500
4406 6627 8864 9552
4406 6876 9032 9135
4406 7132 8776 9135
4406 7167 8376 9500
4406 7312 8032 9699
4406 7427 8584 9032
4406 7560 7755 9728
4406 7592 7716 9735
4406 7592 8316 9135
4406 7736 7755 9552
4406 7755 8424 8864
4406 7755 8584 8704
4406 8074 8286 8683
4411 6627 8683 9728
4411 6825 8317 9896
4411 7102 8384 9552
4411 7104 8074 9860
4411 7110 8032 9896
4411 7110 8376 9552
4411 7560 7978 9500
4411 7592 8074 9372
4414 6400 9135 9500
4414 6472 8864 9699
4414 6555 8584 9896
4414 6876 8424 9735
4414 6876 8634 9525
4414 6964 8336 9735
4414 7019 8317 9699
4414 7110 8400 9525
4414 7167 8316 9552
4414 7216 8855 8964
4414 7288 8855 8892
4414 7320 8683 9032
4414 7560 7615 9860
4414 7667 8336 9032
4414 7755 8316 8964
4414 7978 8165 8892
4414 7978 8336 8721
4414 8165 8286 8584
4456 5613 9460 9920
4456 5886 9372 9735
4456 6400 9093 9500
4456 6412 8721 9860
4456 6966 8892 9135
4456 7084 8384 9525
4456 7132 8336 9525
4456 7216 8317 9460
4456 7280 7978 9735
4456 7427 8194 9372
4456 8165 8194 8634
4456 8276 8317 8400
4488 5773 9460 9728
4488 5854 9372 9735
4488 5890 9372 9699
4488 6265 8776 9920
4488 6472 8964 9525
4488 6825 8276 9860
4488 6825 8584 9552
4488 6876 8165 9920
4488 7012 8424 9525
4488 7427 8074 9460
4488 7592 8276 9093
4488 7856 8384 8721
4488 8032 8074 8855
4550 5886 9093 9920
4550 6555 8424 9920
4550 6627 8376 9896
4550 6672 8855 9372
4550 7012 8855 9032
4550 7080 8855 8964
4550 7102 8704 9093
4550 7132 8032 9735
4550 7180 8194 9525
4550 7180 8584 9135
4550 7180 8855 8864
4550 7312 7667 9920
4550 7427 8608 8864
4550 7592 7755 9552
4572 5456 9525 9896
4572 6412 9093 9372
4572 6825 8317 9735
4572 6966 8776 9135
4572 7080 8704 9093
4572 7104 8074 9699
4572 7110 8032 9735
4572 7320 8032 9525
4572 7560 8634 8683
4572 7592 7760 9525
4572 7736 8286 8855
4572 7856 8317 8704
4572 8165 8336 8376
4598 6412 8704 9735
4598 6523 8776 9552
4598 6555 8376 9920
4598 6555 8400 9896
4598 6876 8276 9699
4598 6964 8855 9032
4598 7012 8704 9135
4598 7084 8032 9735
4598 7104 8855 8892
4598 7132 8194 9525
4598 7132 8584 9135
4598 7132 8855 8864
4598 7288 7667 9896
4598 7560 7592 9699
4598 7560 8608 8683
4598 7615 7736 9500
4598 8165 8286 8400
4692 5437 9460 9860
4692 6265 9032 9460
4692 6511 8721 9525
4692 6672 8165 9920
4692 7080 7978 9699
4692 7080 8584 9093
4692 7110 8683 8964
4692 7132 8165 9460
4692 7280 8384 9093
4692 7288 8376 9093
4692 7560 8165 9032
4692 7592 7665 9500
4692 7665 8316 8776
4692 7736 8317 8704
4692 7760 8276 8721
4692 7856 8317 8584
4692 8165 8276 8316
4764 6265 8721 9699
4764 6412 8721 9552
4764 6472 8317 9896
4764 6825 8400 9460
4764 6876 8074 9735
4764 6966 8194 9525
4764 6966 8584 9135
4764 6966 8855 8864
4764 7019 8634 9032
4764 7110 8683 8892
4764 7216 8376 9093
4764 7427 8165 9093
4764 7560 7665 9460
4764 7560 8032 9093
4764 7592 8317 8776
4764 7665 8165 8855
4764 7665 8316 8704
4764 7667 8384 8634
4764 7716 8286 8683
4764 7736 7856 9093
4764 7760 8317 8608
4764 8032 8317 8336
4778 5076 9699 9896
4778 5076 9735 9860
4778 6511 8608 9552
4778 6523 8776 9372
4778 6627 8316 9728
4778 6627 8584 9460
4778 6672 8864 9135
4778 7080 7856 9735
4778 7084 7667 9920
4778 7110 7665 9896
4778 7736 7800 9135
4778 7978 8317 8376
4800 5950 8964 9735
4800 6412 8317 9920
4800 6472 8317 9860
4800 6555 8634 9460
4800 6876 8074 9699
4800 6964 8721 8964
4800 7102 8683 8864
4800 7132 8424 9093
4800 7180 8376 9093
4800 7280 8276 9093
4800 7320 8194 9135
4800 7320 8608 8721
4800 7592 8165 8892
4800 7592 8336 8721
4800 7615 8400 8634
4800 7665 8376 8608
4800 7665 8400 8584
4800 7755 8286 8608
4830 5156 9728 9735
4830 5234 9525 9860
4830 6511 8608 9500
4830 6555 8336 9728
4830 6745 7978 9896
4830 6876 8608 9135
4830 7084 7615 9920
4830 7084 7800 9735
4830 7084 8400 9135
4830 7102 8424 9093
4830 7167 7592 9860
4830 7167 8317 9135
4830 7180 8584 8855
4830 7312 7755 9552
4830 7427 7667 9525
4830 7427 8584 8608
4830 7560 8376 8683
4844 5773 9372 9460
4844 5854 8855 9896
4844 5890 8855 9860
4844 5960 9093 9552
4844 6472 8608 9525
4844 6511 8634 9460
4844 6745 8400 9460
4844 7080 7665 9860
4844 7102 7978 9525
4844 7110 7760 9735
4844 7167 7978 9460
4844 7180 8704 8721
4844 7280 7800 9525
4844 7288 8634 8683
4844 7320 7760 9525
4844 7427 8286 8892
4844 7615 8286 8704
4844 7667 8074 8864
4844 7736 8165 8704
4844 7755 8074 8776
4844 7856 8165 8584
4864 5773 8892 9920
4864 5854 9032 9699
4864 5886 8964 9735
4864 5950 9135 9500
4864 6265 8400 9920
4864 6265 8424 9896
4864 6825 8032 9728
4864 7019 8194 9372
4864 7102 7755 9728
4864 7110 7615 9860
4864 7216 8276 9093
4864 7280 8584 8721
4864 7427 8194 8964
4864 7615 8194 8776
4864 7615 8336 8634
4864 7665 8286 8634
4864 7665 8336 8584
4864 7716 8165 8704
4864 8074 8194 8317
4888 5773 8892 9896
4888 6265 8376 9920
4888 6265 8400 9896
4888 6317 8384 9860
4888 6555 8634 9372
4888 6627 8074 9860
4888 6745 8316 9500
4888 6825 8276 9460
4888 6825 8704 9032
4888 6876 8721 8964
4888 7084 8384 9093
4888 7102 7760 9699
4888 7102 8683 8776
4888 7110 7716 9735
4888 7110 8316 9135
4888 7132 8336 9093
4888 7180 7856 9525
4888 7280 8317 8964
4888 7320 7716 9525
4888 7592 8286 8683
4888 7665 8032 8864
4888 7667 8286 8608
4940 5520 9093 9896
4940 6060 8721 9728
4940 6265 8384 9860
4940 6400 8584 9525
4940 6851 8286 9372
4940 7012 8721 8776
4940 7019 7755 9735
4940 7080 8336 9093
4940 7084 8704 8721
4940 7180 8194 9135
4940 7180 8608 8721
4940 7312 8165 9032
4940 7560 7856 9093
4940 7615 8286 8608
4940 7667 7978 8864
4940 7736 8165 8608
4940 7755 7978 8776
4940 7760 8165 8584
4940 7856 8317 8336
4978 5854 8721 9896
4978 5880 8892 9699
4978 5890 8721 9860
4978 5960 8776 9735
4978 6060 8683 9728
4978 6265 8286 9920
4978 6400 8336 9735
4978 6472 8864 9135
4978 6523 8855 9093
4978 6627 8384 9460
4978 6851 7760 9860
4978 7012 7760 9699
4978 7012 8683 8776
4978 7019 7592 9860
4978 7019 8317 9135
4978 7084 8683 8704
4978 7102 8276 9093
4978 7180 7592 9699
4978 7180 8608 8683
4978 7216 7755 9500
4978 7216 8400 8855
4978 7280 8336 8855
4978 7755 8316 8400
4978 7760 7856 8855
5045 5144 9525 9735
5045 5520 8964 9920
5045 5644 8864 9896
5045 5644 9032 9728
5045 5960 8584 9860
5045 5960 8892 9552
5045 6060 8424 9920
5045 6240 8704 9460
5045 6400 8276 9728
5045 6511 8165 9728
5045 6511 8194 9699
5045 6627 8317 9460
5045 6876 7800 9728
5045 6966 7978 9460
5045 7084 7592 9728
5045 7104 7800 9500
5045 7104 8165 9135
5045 7104 8336 8964
5045 7312 7592 9500
5045 7312 8316 8776
5076 5613 8864 9896
5076 5613 9032 9728
5076 5773 8704 9896
5076 6240 8608 9525
5076 6265 8608 9500
5076 6472 8376 9525
5076 6555 8683 9135
5076 6627 8194 9552
5076 6627 8286 9460
5076 6672 8608 9093
5076 6825 8584 8964
5076 6876 8721 8776
5076 6964 8316 9093
5076 7132 7716 9525
5076 7280 8317 8776
5076 7288 7560 9525
5076 7615 7665 9093
5076 7665 8074 8634
5076 7755 8194 8424
5132 6265 8317 9735
5132 6627 8165 9525
5132 6745 8608 8964
5132 6825 8032 9460
5132 7012 8584 8721
5132 7102 7755 9460
5132 7167 8286 8864
5132 7280 7665 9372
5132 7280 8316 8721
5132 7288 8165 8864
5132 7320 8276 8721
5132 7427 7755 9135
5132 7560 8074 8683
5132 7665 7760 8892
5132 7665 8276 8376
5132 7665 8316 8336
5132 7755 7978 8584
5132 7755 8276 8286
5144 5234 9372 9699
5144 5613 8964 9728
5144 5773 9032 9500
5144 5950 8855 9500
5144 6412 8165 9728
5144 6412 8194 9699
5144 6825 7560 9920
5144 6825 8704 8776
5144 6851 7755 9699
5144 6876 8336 9093
5144 7180 7665 9460
5144 7180 8032 9093
5144 7665 8032 8608
5144 7716 8165 8424
5156 5730 8864 9699
5156 5739 8634 9920
5156 5739 8855 9699
5156 5854 8704 9735
5156 5886 8855 9552
5156 5890 8704 9699
5156 5950 8608 9735
5156 5960 8634 9699
5156 6317 8424 9552
5156 6400 8165 9728
5156 6400 8194 9699
5156 6627 8634 9032
5156 6745 8584 8964
5156 6964 8194 9135
5156 6964 8608 8721
5156 6966 7592 9735
5156 7012 8317 8964
5156 7084 8074 9135
5156 7084 8317 8892
5156 7102 8336 8855
5156 7167 7427 9699
5156 7180 7978 9135
5156 7592 8317 8384
5156 7665 7736 8892
5156 7716 7856 8721
5163 5234 9500 9552
5163 5854 8704 9728
5163 5950 8608 9728
5163 5950 8964 9372
5163 6265 8286 9735
5163 6412 7978 9896
5163 6472 8721 9093
5163 6555 8032 9699
5163 6851 7736 9699
5163 6876 8317 9093
5163 6876 8634 8776
5163 6966 7592 9728
5163 7019 8584 8683
5163 7102 7288 9896
5163 7110 7280 9896
5163 7110 7716 9460
5163 7110 8400 8776
5163 7180 8074 9032
5163 7320 8074 8892
5163 7667 7755 8864
5163 7716 8194 8376
5163 7978 8032 8276
5168 6060 8721 9500
5168 6265 8317 9699
5168 6412 8317 9552
5168 6412 8776 9093
5168 6472 8074 9735
5168 6627 8194 9460
5168 6825 7560 9896
5168 6825 8424 9032
5168 6964 8634 8683
5168 7084 8165 9032
5168 7110 8316 8855
5168 7312 8286 8683
5168 7615 8032 8634
5168 7665 8032 8584
5168 7716 8165 8400
5168 7760 7800 8721
5168 7800 8165 8316
5183 5886 8855 9525
5183 6060 8286 9920
5183 6317 8424 9525
5183 6523 8608 9135
5183 6851 7716 9699
5183 6966 7800 9500
5183 6966 8165 9135
5183 6966 8336 8964
5183 7104 7427 9735
5183 7180 8194 8892
5183 7736 8194 8336
5183 7755 8194 8317
5183 7856 8074 8336
5234 6240 8276 9699
5234 6317 7978 9920
5234 6472 8608 9135
5234 6555 7800 9860
5234 6851 7665 9699
5234 6851 8400 8964
5234 7019 7736 9460
5234 7084 8276 8855
5234 7102 7978 9135
5234 7110 8384 8721
5234 7132 8400 8683
5234 7167 7320 9728
5234 7216 8316 8683
5234 7280 7800 9135
5234 7288 7427 9500
5234 7320 7760 9135
5234 7560 7800 8855
5234 7615 7736 8864
5234 7856 8165 8194
5242 5456 8855 9896
5242 5520 9135 9552
5242 5644 8864 9699
5242 5739 8608 9860
5242 6511 7800 9896
5242 6672 7615 9920
5242 6672 7800 9735
5242 6672 8400 9135
5242 6851 7856 9500
5242 6966 7716 9525
5242 7080 7667 9460
5242 7080 7755 9372
5242 7102 8384 8721
5242 7110 8376 8721
5242 7132 7615 9460
5242 7167 7180 9860
5242 7167 7312 9728
5242 7167 8336 8704
5242 7216 7856 9135
5242 7280 7427 9500
5242 7312 7760 9135
5242 7320 7427 9460
5242 7320 8032 8855
5242 7560 7615 9032
5242 7560 7755 8892
5242 7592 7760 8855
5242 7615 8276 8316
5260 5437 8892 9860
5260 5773 8864 9552
5260 5960 8704 9525
5260 6240 8424 9525
5260 6265 8424 9500
5260 6265 8892 9032
5260 6412 8317 9460
5260 6472 8165 9552
5260 6523 8634 9032
5260 6672 8424 9093
5260 6745 7716 9728
5260 6825 7665 9699
5260 6825 8400 8964
5260 6851 8634 8704
5260 7084 8384 8721
5260 7102 7167 9920
5260 7104 7560 9525
5260 7132 8165 8892
5260 7132 8336 8721
5260 7288 8317 8584
5260 7312 8194 8683
5260 7320 8165 8704
5260 7560 7665 8964
5260 7755 7800 8634
5437 5520 9032 9460
5437 5739 8721 9552
5437 5960 8317 9735
5437 6060 8032 9920
5437 6060 8400 9552
5437 6240 8400 9372
5437 6265 8855 8892
5437 6400 7716 9896
5437 6523 8634 8855
5437 6672 8376 8964
5437 6745 8584 8683
5437 6876 7216 9920
5437 6964 7320 9728
5437 7012 7080 9920
5437 7012 7104 9896
5437 7012 8317 8683
5437 7080 7560 9372
5437 7102 8276 8634
5437 7104 7180 9728
5437 7110 7167 9735
5437 7167 7320 9525
5437 7180 7280 9552
5437 7180 7800 9032
5437 7288 7760 8964
5437 7312 7736 8964
5437 7312 8276 8424
5437 7312 8316 8384
5437 7320 7800 8892
5437 7320 8316 8376
5437 7592 7716 8704
5456 5613 8855 9525
5456 6240 8721 9032
5456 6555 7978 9460
5456 6627 7667 9699
5456 6745 8384 8864
5456 6825 8276 8892
5456 6876 7592 9525
5456 6964 8165 8864
5456 6966 7167 9860
5456 7180 7288 9525
5456 7615 7978 8400
5520 5854 8376 9699
5520 6060 8317 9552
5520 6060 8776 9093
5520 6240 8317 9372
5520 6317 7716 9896
5520 6412 8424 9093
5520 6745 7288 9896
5520 6825 8400 8704
5520 7019 8276 8634
5520 7084 7110 9735
5520 7084 7320 9525
5520 7180 8165 8584
5520 7560 7665 8704
5520 7615 7978 8336
5520 7665 7978 8286
5584 5644 8721 9500
5584 5730 8400 9735
5584 5854 8276 9735
5584 5880 8286 9699
5584 5880 8892 9093
5584 5890 8276 9699
5584 6240 8165 9460
5584 6317 8584 8964
5584 6472 7665 9728
5584 6825 7180 9860
5584 6825 7312 9728
5584 6825 8336 8704
5584 6964 8317 8584
5584 7012 7760 9093
5584 7180 7592 9093
5584 7288 7856 8721
5584 7427 7755 8683
5584 7592 7665 8608
5584 7665 7800 8400
5613 5880 8584 9372
5613 5960 8376 9500
5613 6060 7856 9920
5613 6060 8276 9500
5613 6060 8316 9460
5613 6060 8683 9093
5613 6240 7736 9860
5613 6240 8704 8892
5613 6317 8384 9135
5613 6472 7665 9699
5613 6472 8400 8964
5613 6511 7800 9525
5613 6555 8317 8964
5613 6627 8074 9135
5613 6627 8317 8892
5613 6825 7312 9699
5613 6876 8376 8584
5613 6964 7012 9860
5613 6964 7320 9552
5613 6966 7978 8892
5613 6966 8286 8584
5613 7012 8400 8424
5613 7104 7180 9552
5613 7280 7592 8964
5613 7312 7560 8964
5613 7716 7736 8384
5613 7760 7800 8276
5644 5730 8376 9699
5644 5880 8400 9525
5644 6317 7592 9896
5644 6317 7760 9728
5644 6412 7665 9728
5644 6555 8286 8964
5644 6627 8286 8892
5644 6745 7560 9500
5644 6825 7084 9896
5644 6825 8276 8704
5644 6876 8074 8855
5644 6966 7104 9735
5644 7104 8317 8384
5644 7110 7560 9135
5644 7216 8165 8424
5644 7427 7978 8400
5644 7665 7716 8424
5644 7755 7856 8194
5730 5739 8608 9372
5730 5880 8704 9135
5730 5950 8634 9135
5730 6265 7755 9699
5730 6317 7667 9735
5730 6412 7755 9552
5730 6511 7288 9920
5730 6511 7312 9896
5730 6511 8316 8892
5730 6523 7736 9460
5730 6627 7592 9500
5730 6627 8316 8776
5730 6672 7312 9735
5730 6825 8286 8608
5730 6966 8032 8721
5730 7019 7736 8964
5730 7019 8276 8424
5730 7019 8316 8384
5730 7084 7110 9525
5730 7104 7760 8855
5730 7167 7180 9372
5730 7180 7856 8683
5730 7320 7716 8683
5730 7667 7716 8336
5730 7667 7736 8316
5730 7667 7978 8074
5739 5854 8721 9135
5739 5854 8892 8964
5739 5950 8032 9728
5739 6317 7665 9728
5739 6555 7427 9728
5739 6627 8400 8683
5739 6672 8074 8964
5739 6672 8317 8721
5739 7102 7716 8892
5739 7110 7736 8864
5739 7132 8194 8384
5739 7180 8194 8336
5739 7320 8074 8316
5739 7716 7800 8194
5773 5880 8336 9460
5773 5880 8424 9372
5773 5890 8286 9500
5773 5960 7856 9860
5773 6060 8584 9032
5773 6265 8276 9135
5773 6400 8384 8892
5773 6412 8400 8864
5773 6511 7665 9500
5773 6555 8400 8721
5773 6627 8194 8855
5773 6672 7084 9920
5773 6825 7716 9135
5773 6876 7665 9135
5773 6876 8376 8424
5773 6964 8336 8376
5773 6966 8286 8424
5773 7012 7800 8864
5773 7019 7132 9525
5773 7084 7132 9460
5773 7084 7560 9032
5773 7084 8276 8316
5773 7288 7667 8721
5773 7427 7615 8634
5773 7427 7665 8584
5773 7560 7716 8400
5773 7560 7800 8316
5854 5880 8683 9032
5854 6060 7615 9920
5854 6060 7800 9735
5854 6060 8400 9135
5854 6240 8634 8721
5854 6555 7180 9860
5854 6555 7312 9728
5854 6555 8336 8704
5854 6627 8384 8584
5854 6745 8074 8776
5854 6876 7167 9552
5854 6876 7755 8964
5854 6964 7667 8964
5854 6966 7104 9525
5854 6966 7665 8964
5854 7019 7800 8776
5854 7084 8194 8317
5854 7180 7280 9135
5854 7180 7560 8855
5854 7320 7592 8683
5854 7320 7667 8608
5854 7427 7560 8608
5854 7592 7667 8336
5854 7665 7736 8194
5854 7665 7856 8074
5880 6240 8194 9135
5880 6240 8608 8721
5880 6472 8376 8721
5880 6511 8194 8864
5880 6511 8424 8634
5880 6627 7978 8964
5880 6745 6964 9860
5880 6745 8400 8424
5880 6851 7019 9699
5880 6876 8317 8376
5880 6964 7080 9525
5880 6966 8286 8317
5880 7012 7665 8892
5880 7110 7427 9032
5880 7110 7755 8704
5880 7132 7716 8721
5880 7167 7978 8424
5880 7180 7755 8634
5880 7288 7560 8721
5880 7320 7615 8634
5880 7320 7665 8584
5880 7427 7856 8286
5880 7615 7760 8194
5886 5950 8721 8892
5886 6060 7978 9525
5886 6240 7427 9896
5886 6511 7132 9920
5886 6511 7592 9460
5886 6511 8276 8776
5886 6523 7180 9860
5886 6523 7312 9728
5886 6523 8336 8704
5886 6555 7280 9728
5886 6555 8400 8608
5886 6555 8424 8584
5886 6851 8336 8376
5886 7019 7084 9460
5886 7080 7800 8683
5886 7084 7615 8864
5886 7104 7427 9032
5886 7104 7755 8704
5886 7288 7592 8683
5886 7288 7667 8608
5886 7312 7667 8584
5886 7320 7560 8683
5886 7427 7736 8400
5886 7427 7760 8376
5886 7427 7800 8336
5886 7560 7667 8336
5890 5960 8074 9525
5890 6060 7800 9699
5890 6317 8608 8634
5890 6472 7167 9920
5890 6511 7320 9728
5890 6555 7084 9920
5890 6627 7012 9920
5890 6627 7560 9372
5890 6672 7427 9460
5890 6672 8032 8855
5890 6851 7615 9093
5890 6851 8074 8634
5890 6966 8276 8317
5890 7019 7080 9460
5890 7080 7615 8864
5890 7102 7736 8721
5890 7104 7320 9135
5890 7320 8074 8165
5890 7427 7856 8276
5890 7560 7615 8384
5950 6060 8584 8855
5950 6240 7560 9699
5950 6412 7167 9920
5950 6472 7167 9860
5950 6523 7080 9896
5950 6555 7084 9860
5950 6555 7216 9728
5950 6555 8336 8608
5950 6627 7012 9860
5950 6627 7320 9552
5950 6745 7019 9735
5950 6745 7978 8776
5950 7019 8194 8286
5950 7080 7736 8683
5950 7084 7280 9135
5950 7084 7560 8855
5950 7110 7755 8634
5950 7180 7427 8892
5950 7180 7615 8704
5950 7320 7755 8424
5950 7427 7736 8336
5950 7427 7755 8317
5950 7665 7760 8074
5950 7665 7856 7978
5950 7667 7800 8032
5960 6060 8336 9093
5960 6317 7312 9860
5960 6317 7800 9372
5960 6317 8317 8855
5960 6523 8074 8892
5960 6627 6966 9896
5960 6825 7800 8864
5960 7019 7615 8855
5960 7019 8194 8276
5960 7084 7312 9093
5960 7180 7216 9093
5960 7216 7665 8608
5960 7615 7800 8074
6060 6523 7167 9699
6060 6672 8317 8400
6060 6825 7012 9552
6060 6825 7104 9460
6060 6966 7288 9135
6060 7019 7736 8634
6060 7080 7216 9093
6060 7216 7856 8317
6060 7312 7760 8317
6060 7560 7755 8074
6240 6265 7084 9860
6240 6265 7216 9728
6240 6265 8336 8608
6240 6400 7110 9699
6240 6400 7716 9093
6240 6523 8286 8400
6240 6555 7102 9552
6240 6672 7012 9525
6240 6745 6964 9500
6240 6745 7760 8704
6240 6745 7856 8608
6240 6825 7012 9372
6240 6825 7800 8584
6240 6964 7110 9135
6240 6966 7560 8683
6240 7012 7104 9093
6240 7012 8032 8165
6240 7132 7760 8317
6265 6317 7132 9735
6265 6400 8384 8400
6265 6412 6876 9896
6265 6412 7312 9460
6265 6472 8336 8376
6265 6523 7978 8683
6265 6555 7104 9525
6265 6555 7665 8964
6265 6627 7665 8892
6265 6672 7012 9500
6265 6672 7736 8776
6265 6825 8165 8194
6265 6876 8032 8276
6265 7012 7280 8892
6265 7012 7856 8316
6265 7012 7978 8194
6265 7084 7716 8384
6265 7104 7216 8864
6265 7132 7716 8336
6265 7132 7736 8316
6265 7132 7978 8074
6265 7216 7592 8376
6265 7280 7320 8584
6265 7288 7312 8584
6265 7288 7560 8336
6265 7427 7592 8165
6265 7560 7592 8032
6265 7592 7736 7856
6317 6400 7180 9552
6317 6412 7856 8864
6317 6412 8336 8384
6317 6472 7288 9372
6317 6472 8276 8384
6317 6523 7084 9525
6317 6555 7856 8721
6317 6851 7560 8721
6317 6876 7856 8400
6317 6964 7560 8608
6317 7012 7736 8384
6317 7080 7716 8336
6317 7080 7736 8316
6317 7080 7978 8074
6317 7110 7167 8855
6317 7110 7736 8286
6317 7167 7800 8165
6317 7560 7716 7856
6317 7665 7667 7800
6400 6472 7856 8721
6400 6672 6825 9552
6400 6825 7800 8424
6400 6876 7080 9093
6400 6876 7856 8317
6400 7084 7110 8855
6400 7084 7800 8165
6412 6472 8165 8400
6412 6555 7110 9372
6412 6555 8165 8317
6412 6627 8074 8336
6412 6825 7180 9032
6412 6825 7320 8892
6412 6966 7216 8855
6412 6966 7755 8316
6412 7080 7102 8855
6412 7084 7667 8286
6412 7280 7592 8165
6412 7312 7560 8165
6412 7615 7667 7755
6472 6511 6966 9500
6472 6627 6825 9525
6472 6627 7667 8683
6472 6627 7716 8634
6472 6627 8074 8276
6472 6745 7856 8376
6472 6825 7288 8864
6472 6876 6966 9135
6472 6966 7427 8584
6472 7012 7110 8855
6472 7012 7800 8165
6472 7167 7736 8074
6472 7280 7665 8032
6472 7288 7615 8074
6511 6523 6555 9860
6511 6523 7280 9135
6511 6523 7560 8855
6511 6627 6851 9460
6511 6964 7110 8864
6511 6966 7080 8892
6511 7102 7132 8704
6511 7102 7560 8276
6511 7104 7760 8074
6511 7104 7856 7978
6523 6555 6672 9699
6523 6555 7667 8704
6523 6627 7665 8634
6523 6672 7978 8276
6523 6825 6966 9135
6523 6876 7856 8194
6523 6966 7560 8400
6523 7012 7280 8634
6523 7080 7560 8286
6523 7102 7216 8608
6555 6627 7132 9135
6555 6851 7667 8376
6555 6964 6966 8964
6555 6964 7736 8194
6555 6964 7856 8074
6555 6966 7320 8608
6555 6966 7592 8336
6555 7080 7110 8704
6555 7080 7180 8634
6555 7084 7736 8074
6555 7102 7760 8032
6555 7104 7716 8074
6555 7180 7736 7978
6555 7288 7320 8286
6555 7427 7667 7800
6627 6745 7760 8317
6627 6851 7288 8683
6627 6876 7312 8634
6627 6964 6966 8892
6627 6966 7080 8776
6627 7012 7736 8074
6627 7019 7427 8376
6627 7084 7104 8634
6627 7084 7760 7978
6627 7102 7320 8400
6627 7104 7110 8608
6627 7110 7288 8424
6627 7110 7312 8400
6627 7216 7320 8286
6672 6745 7716 8316
6672 6876 7180 8721
6672 6876 7615 8286
6672 6876 7736 8165
6672 6966 7427 8384
6672 7080 7665 8032
6672 7132 7667 7978
6672 7180 7280 8317
6672 7312 7665 7800
6745 6851 7132 8721
6745 6876 6964 8864
6745 6964 7019 8721
6745 6964 7132 8608
6745 6966 7104 8634
6745 6966 7760 7978
6745 7012 7084 8608
6745 7080 7288 8336
6745 7080 7592 8032
6745 7104 7216 8384
6745 7132 7716 7856
6745 7288 7560 7856
6745 7312 7592 7800
6825 6876 7716 8032
6825 7019 7288 8317
6825 7110 7320 8194
6825 7132 7216 8276
6825 7280 7312 8032
6851 6964 7560 8074
6851 7084 7320 8194
6851 7102 7180 8316
6851 7102 7736 7760
6851 7104 7110 8384
6851 7132 7180 8286
6876 7102 7615 7856
6876 7102 7716 7755
6964 7019 7180 8286
6964 7080 7427 7978
6964 7084 7665 7736
6964 7102 7667 7716
6964 7104 7216 8165
6964 7104 7665 7716
6964 7110 7615 7760
6966 7012 7615 7856
6966 7012 7716 7755
6966 7019 7080 8384
6966 7080 7667 7736
6966 7102 7216 8165
6966 7102 7665 7716
6966 7132 7615 7736
6966 7320 7427 7736
7012 7019 7102 8316
7012 7019 7132 8286
7012 7180 7592 7665
7019 7102 7592 7736
7019 7104 7132 8194
7019 7110 7288 8032
7019 7110 7560 7760
7019 7132 7320 7978
7080 7110 7592 7667
7102 7280 7312 7755
7110 7132 7592 7615
7110 7320 7427 7592
7216 7280 7288 7665
